Archive member included to satisfy reference by file (symbol)

c:/st/stm32cubeide_1.9.0/stm32cubeide/plugins/com.st.stm32cube.ide.mcu.externaltools.gnu-tools-for-stm32.10.3-2021.10.win32_1.0.0.202111181127/tools/bin/../lib/gcc/arm-none-eabi/10.3.1/../../../../arm-none-eabi/lib/thumb/v7e-m+fp/hard\libc_nano.a(lib_a-calloc.o)
                              ./Middlewares/Third_Party/mbedTLS/library/asn1parse.o (calloc)
c:/st/stm32cubeide_1.9.0/stm32cubeide/plugins/com.st.stm32cube.ide.mcu.externaltools.gnu-tools-for-stm32.10.3-2021.10.win32_1.0.0.202111181127/tools/bin/../lib/gcc/arm-none-eabi/10.3.1/../../../../arm-none-eabi/lib/thumb/v7e-m+fp/hard\libc_nano.a(lib_a-errno.o)
                              ./Core/Src/syscalls.o (__errno)
c:/st/stm32cubeide_1.9.0/stm32cubeide/plugins/com.st.stm32cube.ide.mcu.externaltools.gnu-tools-for-stm32.10.3-2021.10.win32_1.0.0.202111181127/tools/bin/../lib/gcc/arm-none-eabi/10.3.1/../../../../arm-none-eabi/lib/thumb/v7e-m+fp/hard\libc_nano.a(lib_a-exit.o)
                              c:/st/stm32cubeide_1.9.0/stm32cubeide/plugins/com.st.stm32cube.ide.mcu.externaltools.gnu-tools-for-stm32.10.3-2021.10.win32_1.0.0.202111181127/tools/bin/../lib/gcc/arm-none-eabi/10.3.1/../../../../arm-none-eabi/lib/thumb/v7e-m+fp/hard/crt0.o (exit)
c:/st/stm32cubeide_1.9.0/stm32cubeide/plugins/com.st.stm32cube.ide.mcu.externaltools.gnu-tools-for-stm32.10.3-2021.10.win32_1.0.0.202111181127/tools/bin/../lib/gcc/arm-none-eabi/10.3.1/../../../../arm-none-eabi/lib/thumb/v7e-m+fp/hard\libc_nano.a(lib_a-impure.o)
                              c:/st/stm32cubeide_1.9.0/stm32cubeide/plugins/com.st.stm32cube.ide.mcu.externaltools.gnu-tools-for-stm32.10.3-2021.10.win32_1.0.0.202111181127/tools/bin/../lib/gcc/arm-none-eabi/10.3.1/../../../../arm-none-eabi/lib/thumb/v7e-m+fp/hard\libc_nano.a(lib_a-exit.o) (_global_impure_ptr)
c:/st/stm32cubeide_1.9.0/stm32cubeide/plugins/com.st.stm32cube.ide.mcu.externaltools.gnu-tools-for-stm32.10.3-2021.10.win32_1.0.0.202111181127/tools/bin/../lib/gcc/arm-none-eabi/10.3.1/../../../../arm-none-eabi/lib/thumb/v7e-m+fp/hard\libc_nano.a(lib_a-init.o)
                              c:/st/stm32cubeide_1.9.0/stm32cubeide/plugins/com.st.stm32cube.ide.mcu.externaltools.gnu-tools-for-stm32.10.3-2021.10.win32_1.0.0.202111181127/tools/bin/../lib/gcc/arm-none-eabi/10.3.1/../../../../arm-none-eabi/lib/thumb/v7e-m+fp/hard/crt0.o (__libc_init_array)
c:/st/stm32cubeide_1.9.0/stm32cubeide/plugins/com.st.stm32cube.ide.mcu.externaltools.gnu-tools-for-stm32.10.3-2021.10.win32_1.0.0.202111181127/tools/bin/../lib/gcc/arm-none-eabi/10.3.1/../../../../arm-none-eabi/lib/thumb/v7e-m+fp/hard\libc_nano.a(lib_a-malloc.o)
                              ./Middlewares/Third_Party/mbedTLS/library/asn1parse.o (free)
c:/st/stm32cubeide_1.9.0/stm32cubeide/plugins/com.st.stm32cube.ide.mcu.externaltools.gnu-tools-for-stm32.10.3-2021.10.win32_1.0.0.202111181127/tools/bin/../lib/gcc/arm-none-eabi/10.3.1/../../../../arm-none-eabi/lib/thumb/v7e-m+fp/hard\libc_nano.a(lib_a-memcmp.o)
                              ./Middlewares/Third_Party/mbedTLS/library/asn1parse.o (memcmp)
c:/st/stm32cubeide_1.9.0/stm32cubeide/plugins/com.st.stm32cube.ide.mcu.externaltools.gnu-tools-for-stm32.10.3-2021.10.win32_1.0.0.202111181127/tools/bin/../lib/gcc/arm-none-eabi/10.3.1/../../../../arm-none-eabi/lib/thumb/v7e-m+fp/hard\libc_nano.a(lib_a-memcpy-stub.o)
                              ./Middlewares/Third_Party/mbedTLS/library/asn1write.o (memcpy)
c:/st/stm32cubeide_1.9.0/stm32cubeide/plugins/com.st.stm32cube.ide.mcu.externaltools.gnu-tools-for-stm32.10.3-2021.10.win32_1.0.0.202111181127/tools/bin/../lib/gcc/arm-none-eabi/10.3.1/../../../../arm-none-eabi/lib/thumb/v7e-m+fp/hard\libc_nano.a(lib_a-memmove.o)
                              ./Middlewares/Third_Party/mbedTLS/library/bignum.o (memmove)
c:/st/stm32cubeide_1.9.0/stm32cubeide/plugins/com.st.stm32cube.ide.mcu.externaltools.gnu-tools-for-stm32.10.3-2021.10.win32_1.0.0.202111181127/tools/bin/../lib/gcc/arm-none-eabi/10.3.1/../../../../arm-none-eabi/lib/thumb/v7e-m+fp/hard\libc_nano.a(lib_a-memset.o)
                              c:/st/stm32cubeide_1.9.0/stm32cubeide/plugins/com.st.stm32cube.ide.mcu.externaltools.gnu-tools-for-stm32.10.3-2021.10.win32_1.0.0.202111181127/tools/bin/../lib/gcc/arm-none-eabi/10.3.1/../../../../arm-none-eabi/lib/thumb/v7e-m+fp/hard/crt0.o (memset)
c:/st/stm32cubeide_1.9.0/stm32cubeide/plugins/com.st.stm32cube.ide.mcu.externaltools.gnu-tools-for-stm32.10.3-2021.10.win32_1.0.0.202111181127/tools/bin/../lib/gcc/arm-none-eabi/10.3.1/../../../../arm-none-eabi/lib/thumb/v7e-m+fp/hard\libc_nano.a(lib_a-nano-callocr.o)
                              c:/st/stm32cubeide_1.9.0/stm32cubeide/plugins/com.st.stm32cube.ide.mcu.externaltools.gnu-tools-for-stm32.10.3-2021.10.win32_1.0.0.202111181127/tools/bin/../lib/gcc/arm-none-eabi/10.3.1/../../../../arm-none-eabi/lib/thumb/v7e-m+fp/hard\libc_nano.a(lib_a-calloc.o) (_calloc_r)
[...]
Memory Configuration

Name             Origin             Length             Attributes
RAM              0x0000000020000000 0x0000000000020000 xrw
FLASH            0x0000000008000000 0x0000000000080000 xr
*default*        0x0000000000000000 0xffffffffffffffff

Linker script and memory map

LOAD c:/st/stm32cubeide_1.9.0/stm32cubeide/plugins/com.st.stm32cube.ide.mcu.externaltools.gnu-tools-for-stm32.10.3-2021.10.win32_1.0.0.202111181127/tools/bin/../lib/gcc/arm-none-eabi/10.3.1/thumb/v7e-m+fp/hard/crti.o
LOAD c:/st/stm32cubeide_1.9.0/stm32cubeide/plugins/com.st.stm32cube.ide.mcu.externaltools.gnu-tools-for-stm32.10.3-2021.10.win32_1.0.0.202111181127/tools/bin/../lib/gcc/arm-none-eabi/10.3.1/thumb/v7e-m+fp/hard/crtbegin.o
LOAD c:/st/stm32cubeide_1.9.0/stm32cubeide/plugins/com.st.stm32cube.ide.mcu.externaltools.gnu-tools-for-stm32.10.3-2021.10.win32_1.0.0.202111181127/tools/bin/../lib/gcc/arm-none-eabi/10.3.1/../../../../arm-none-eabi/lib/thumb/v7e-m+fp/hard/crt0.o
LOAD ./Core/Src/ESP8266_HAL.o
LOAD ./Core/Src/UartRingbuffer_multi.o
LOAD ./Core/Src/main.o
LOAD ./Core/Src/stm32f4xx_hal_msp.o
LOAD ./Core/Src/stm32f4xx_it.o
LOAD ./Core/Src/syscalls.o
LOAD ./Core/Src/sysmem.o
LOAD ./Core/Src/system_stm32f4xx.o
LOAD ./Core/Startup/startup_stm32f446retx.o
LOAD ./Drivers/STM32F4xx_HAL_Driver/Src/stm32f4xx_hal.o
LOAD ./Drivers/STM32F4xx_HAL_Driver/Src/stm32f4xx_hal_cortex.o
LOAD ./Drivers/STM32F4xx_HAL_Driver/Src/stm32f4xx_hal_dma.o
LOAD ./Drivers/STM32F4xx_HAL_Driver/Src/stm32f4xx_hal_dma_ex.o
LOAD ./Drivers/STM32F4xx_HAL_Driver/Src/stm32f4xx_hal_exti.o
LOAD ./Drivers/STM32F4xx_HAL_Driver/Src/stm32f4xx_hal_flash.o
LOAD ./Drivers/STM32F4xx_HAL_Driver/Src/stm32f4xx_hal_flash_ex.o
LOAD ./Drivers/STM32F4xx_HAL_Driver/Src/stm32f4xx_hal_flash_ramfunc.o
LOAD ./Drivers/STM32F4xx_HAL_Driver/Src/stm32f4xx_hal_gpio.o
LOAD ./Drivers/STM32F4xx_HAL_Driver/Src/stm32f4xx_hal_pwr.o
LOAD ./Drivers/STM32F4xx_HAL_Driver/Src/stm32f4xx_hal_pwr_ex.o
LOAD ./Drivers/STM32F4xx_HAL_Driver/Src/stm32f4xx_hal_rcc.o
LOAD ./Drivers/STM32F4xx_HAL_Driver/Src/stm32f4xx_hal_rcc_ex.o
LOAD ./Drivers/STM32F4xx_HAL_Driver/Src/stm32f4xx_hal_tim.o
LOAD ./Drivers/STM32F4xx_HAL_Driver/Src/stm32f4xx_hal_tim_ex.o
LOAD ./Drivers/STM32F4xx_HAL_Driver/Src/stm32f4xx_hal_uart.o
LOAD ./MBEDTLS/App/mbedtls.o
LOAD ./Middlewares/Third_Party/mbedTLS/library/aes.o
LOAD ./Middlewares/Third_Party/mbedTLS/library/asn1parse.o
LOAD ./Middlewares/Third_Party/mbedTLS/library/asn1write.o
LOAD ./Middlewares/Third_Party/mbedTLS/library/base64.o
LOAD ./Middlewares/Third_Party/mbedTLS/library/bignum.o
LOAD ./Middlewares/Third_Party/mbedTLS/library/camellia.o
LOAD ./Middlewares/Third_Party/mbedTLS/library/certs.o
LOAD ./Middlewares/Third_Party/mbedTLS/library/chacha20.o
LOAD ./Middlewares/Third_Party/mbedTLS/library/chachapoly.o
LOAD ./Middlewares/Third_Party/mbedTLS/library/cipher.o
LOAD ./Middlewares/Third_Party/mbedTLS/library/cipher_wrap.o
LOAD ./Middlewares/Third_Party/mbedTLS/library/ctr_drbg.o
LOAD ./Middlewares/Third_Party/mbedTLS/library/dhm.o
LOAD ./Middlewares/Third_Party/mbedTLS/library/ecdh.o
LOAD ./Middlewares/Third_Party/mbedTLS/library/ecdsa.o
LOAD ./Middlewares/Third_Party/mbedTLS/library/ecp.o
LOAD ./Middlewares/Third_Party/mbedTLS/library/ecp_curves.o
LOAD ./Middlewares/Third_Party/mbedTLS/library/entropy.o
LOAD ./Middlewares/Third_Party/mbedTLS/library/entropy_poll.o
LOAD ./Middlewares/Third_Party/mbedTLS/library/gcm.o
LOAD ./Middlewares/Third_Party/mbedTLS/library/hkdf.o
LOAD ./Middlewares/Third_Party/mbedTLS/library/md.o
LOAD ./Middlewares/Third_Party/mbedTLS/library/md_wrap.o
LOAD ./Middlewares/Third_Party/mbedTLS/library/memory_buffer_alloc.o
LOAD ./Middlewares/Third_Party/mbedTLS/library/oid.o
LOAD ./Middlewares/Third_Party/mbedTLS/library/pem.o
LOAD ./Middlewares/Third_Party/mbedTLS/library/pk.o
LOAD ./Middlewares/Third_Party/mbedTLS/library/pk_wrap.o
LOAD ./Middlewares/Third_Party/mbedTLS/library/pkparse.o
LOAD ./Middlewares/Third_Party/mbedTLS/library/platform.o
LOAD ./Middlewares/Third_Party/mbedTLS/library/platform_util.o
LOAD ./Middlewares/Third_Party/mbedTLS/library/poly1305.o
LOAD ./Middlewares/Third_Party/mbedTLS/library/rsa_internal.o
LOAD ./Middlewares/Third_Party/mbedTLS/library/sha256.o
LOAD ./Middlewares/Third_Party/mbedTLS/library/sha512.o
LOAD ./Middlewares/Third_Party/mbedTLS/library/ssl_ciphersuites.o
LOAD ./Middlewares/Third_Party/mbedTLS/library/version_features.o
LOAD ./Middlewares/Third_Party/mbedTLS/library/x509.o
LOAD ./Middlewares/Third_Party/mbedTLS/library/x509_crt.o
START GROUP
LOAD c:/st/stm32cubeide_1.9.0/stm32cubeide/plugins/com.st.stm32cube.ide.mcu.externaltools.gnu-tools-for-stm32.10.3-2021.10.win32_1.0.0.202111181127/tools/bin/../lib/gcc/arm-none-eabi/10.3.1/../../../../arm-none-eabi/lib/thumb/v7e-m+fp/hard\libc_nano.a
LOAD c:/st/stm32cubeide_1.9.0/stm32cubeide/plugins/com.st.stm32cube.ide.mcu.externaltools.gnu-tools-for-stm32.10.3-2021.10.win32_1.0.0.202111181127/tools/bin/../lib/gcc/arm-none-eabi/10.3.1/../../../../arm-none-eabi/lib/thumb/v7e-m+fp/hard\libm.a
END GROUP
START GROUP
LOAD c:/st/stm32cubeide_1.9.0/stm32cubeide/plugins/com.st.stm32cube.ide.mcu.externaltools.gnu-tools-for-stm32.10.3-2021.10.win32_1.0.0.202111181127/tools/bin/../lib/gcc/arm-none-eabi/10.3.1/thumb/v7e-m+fp/hard\libgcc.a
LOAD c:/st/stm32cubeide_1.9.0/stm32cubeide/plugins/com.st.stm32cube.ide.mcu.externaltools.gnu-tools-for-stm32.10.3-2021.10.win32_1.0.0.202111181127/tools/bin/../lib/gcc/arm-none-eabi/10.3.1/../../../../arm-none-eabi/lib/thumb/v7e-m+fp/hard\libc_nano.a
END GROUP
START GROUP
LOAD c:/st/stm32cubeide_1.9.0/stm32cubeide/plugins/com.st.stm32cube.ide.mcu.externaltools.gnu-tools-for-stm32.10.3-2021.10.win32_1.0.0.202111181127/tools/bin/../lib/gcc/arm-none-eabi/10.3.1/thumb/v7e-m+fp/hard\libgcc.a
LOAD c:/st/stm32cubeide_1.9.0/stm32cubeide/plugins/com.st.stm32cube.ide.mcu.externaltools.gnu-tools-for-stm32.10.3-2021.10.win32_1.0.0.202111181127/tools/bin/../lib/gcc/arm-none-eabi/10.3.1/../../../../arm-none-eabi/lib/thumb/v7e-m+fp/hard\libc_nano.a
LOAD c:/st/stm32cubeide_1.9.0/stm32cubeide/plugins/com.st.stm32cube.ide.mcu.externaltools.gnu-tools-for-stm32.10.3-2021.10.win32_1.0.0.202111181127/tools/bin/../lib/gcc/arm-none-eabi/10.3.1/../../../../arm-none-eabi/lib/thumb/v7e-m+fp/hard\libnosys.a
END GROUP
START GROUP
LOAD c:/st/stm32cubeide_1.9.0/stm32cubeide/plugins/com.st.stm32cube.ide.mcu.externaltools.gnu-tools-for-stm32.10.3-2021.10.win32_1.0.0.202111181127/tools/bin/../lib/gcc/arm-none-eabi/10.3.1/thumb/v7e-m+fp/hard\libgcc.a
LOAD c:/st/stm32cubeide_1.9.0/stm32cubeide/plugins/com.st.stm32cube.ide.mcu.externaltools.gnu-tools-for-stm32.10.3-2021.10.win32_1.0.0.202111181127/tools/bin/../lib/gcc/arm-none-eabi/10.3.1/../../../../arm-none-eabi/lib/thumb/v7e-m+fp/hard\libc_nano.a
LOAD c:/st/stm32cubeide_1.9.0/stm32cubeide/plugins/com.st.stm32cube.ide.mcu.externaltools.gnu-tools-for-stm32.10.3-2021.10.win32_1.0.0.202111181127/tools/bin/../lib/gcc/arm-none-eabi/10.3.1/../../../../arm-none-eabi/lib/thumb/v7e-m+fp/hard\libnosys.a
END GROUP
LOAD c:/st/stm32cubeide_1.9.0/stm32cubeide/plugins/com.st.stm32cube.ide.mcu.externaltools.gnu-tools-for-stm32.10.3-2021.10.win32_1.0.0.202111181127/tools/bin/../lib/gcc/arm-none-eabi/10.3.1/thumb/v7e-m+fp/hard/crtend.o
LOAD c:/st/stm32cubeide_1.9.0/stm32cubeide/plugins/com.st.stm32cube.ide.mcu.externaltools.gnu-tools-for-stm32.10.3-2021.10.win32_1.0.0.202111181127/tools/bin/../lib/gcc/arm-none-eabi/10.3.1/thumb/v7e-m+fp/hard/crtn.o
                0x0000000020020000                _estack = (ORIGIN (RAM) + LENGTH (RAM))
                0x0000000000000200                _Min_Heap_Size = 0x200
                0x0000000000000400                _Min_Stack_Size = 0x400

.isr_vector     0x0000000008000000      0x1c4
                0x0000000008000000                . = ALIGN (0x4)
 *(.isr_vector)
 .isr_vector    0x0000000008000000      0x1c4 ./Core/Startup/startup_stm32f446retx.o
                0x0000000008000000                g_pfnVectors
                0x00000000080001c4                . = ALIGN (0x4)

.text           0x00000000080001d0    0x12798
                0x00000000080001d0                . = ALIGN (0x4)
 *(.text)
 .text          0x00000000080001d0       0x40 c:/st/stm32cubeide_1.9.0/stm32cubeide/plugins/com.st.stm32cube.ide.mcu.externaltools.gnu-tools-for-stm32.10.3-2021.10.win32_1.0.0.202111181127/tools/bin/../lib/gcc/arm-none-eabi/10.3.1/thumb/v7e-m+fp/hard/crtbegin.o
 .text          0x0000000008000210       0x10 c:/st/stm32cubeide_1.9.0/stm32cubeide/plugins/com.st.stm32cube.ide.mcu.externaltools.gnu-tools-for-stm32.10.3-2021.10.win32_1.0.0.202111181127/tools/bin/../lib/gcc/arm-none-eabi/10.3.1/../../../../arm-none-eabi/lib/thumb/v7e-m+fp/hard\libc_nano.a(lib_a-strlen.o)
                0x0000000008000210                strlen
 .text          0x0000000008000220       0xa0 c:/st/stm32cubeide_1.9.0/stm32cubeide/plugins/com.st.stm32cube.ide.mcu.externaltools.gnu-tools-for-stm32.10.3-2021.10.win32_1.0.0.202111181127/tools/bin/../lib/gcc/arm-none-eabi/10.3.1/../../../../arm-none-eabi/lib/thumb/v7e-m+fp/hard\libc_nano.a(lib_a-memchr.o)
                0x0000000008000220                memchr
 .text          0x00000000080002c0       0x30 c:/st/stm32cubeide_1.9.0/stm32cubeide/plugins/com.st.stm32cube.ide.mcu.externaltools.gnu-tools-for-stm32.10.3-2021.10.win32_1.0.0.202111181127/tools/bin/../lib/gcc/arm-none-eabi/10.3.1/thumb/v7e-m+fp/hard\libgcc.a(_aeabi_uldivmod.o)
                0x00000000080002c0                __aeabi_uldivmod
 .text          0x00000000080002f0      0x2d0 c:/st/stm32cubeide_1.9.0/stm32cubeide/plugins/com.st.stm32cube.ide.mcu.externaltools.gnu-tools-for-stm32.10.3-2021.10.win32_1.0.0.202111181127/tools/bin/../lib/gcc/arm-none-eabi/10.3.1/thumb/v7e-m+fp/hard\libgcc.a(_udivmoddi4.o)
                0x00000000080002f0                __udivmoddi4
 .text          0x00000000080005c0        0x4 c:/st/stm32cubeide_1.9.0/stm32cubeide/plugins/com.st.stm32cube.ide.mcu.externaltools.gnu-tools-for-stm32.10.3-2021.10.win32_1.0.0.202111181127/tools/bin/../lib/gcc/arm-none-eabi/10.3.1/thumb/v7e-m+fp/hard\libgcc.a(_dvmd_tls.o)
                0x00000000080005c0                __aeabi_idiv0
                0x00000000080005c0                __aeabi_ldiv0
 *(.text*)
 .text.store_char
                0x00000000080005c4       0x46 ./Core/Src/UartRingbuffer_multi.o
                0x00000000080005c4                store_char
 *fill*         0x000000000800060a        0x2 
 .text.Uart_isr
                0x000000000800060c      0x154 ./Core/Src/UartRingbuffer_multi.o
                0x000000000800060c                Uart_isr
 .text.mbedtls_pk_ec
                0x0000000008000760       0x1a ./Core/Src/main.o
 *fill*         0x000000000800077a        0x2 
 .text.init_random_number_generator
                0x000000000800077c       0x54 ./Core/Src/main.o
                0x000000000800077c                init_random_number_generator
 .text.generate_ecc_key_pair
                0x00000000080007d0      0x110 ./Core/Src/main.o
                0x00000000080007d0                generate_ecc_key_pair
 .text.display_ecc_key_pair
                0x00000000080008e0      0x164 ./Core/Src/main.o
                0x00000000080008e0                display_ecc_key_pair
 .text.main     0x0000000008000a44       0x2e ./Core/Src/main.o
                0x0000000008000a44                main
 *fill*         0x0000000008000a72        0x2 
 .text.SystemClock_Config
                0x0000000008000a74       0xd8 ./Core/Src/main.o
                0x0000000008000a74                SystemClock_Config
 .text.MX_USART1_UART_Init
                0x0000000008000b4c       0x54 ./Core/Src/main.o
 .text.MX_USART2_UART_Init
                0x0000000008000ba0       0x54 ./Core/Src/main.o
 .text.MX_GPIO_Init
                0x0000000008000bf4       0xdc ./Core/Src/main.o
 .text.Error_Handler
                0x0000000008000cd0        0xa ./Core/Src/main.o
                0x0000000008000cd0                Error_Handler
 *fill*         0x0000000008000cda        0x2 
 .text.HAL_MspInit
                0x0000000008000cdc       0x50 ./Core/Src/stm32f4xx_hal_msp.o
                0x0000000008000cdc                HAL_MspInit
 .text.HAL_UART_MspInit
                0x0000000008000d2c      0x108 ./Core/Src/stm32f4xx_hal_msp.o
                0x0000000008000d2c                HAL_UART_MspInit
 .text.NMI_Handler
                0x0000000008000e34        0x6 ./Core/Src/stm32f4xx_it.o
                0x0000000008000e34                NMI_Handler
 .text.HardFault_Handler
                0x0000000008000e3a        0x6 ./Core/Src/stm32f4xx_it.o
                0x0000000008000e3a                HardFault_Handler
 .text.MemManage_Handler
                0x0000000008000e40        0x6 ./Core/Src/stm32f4xx_it.o
                0x0000000008000e40                MemManage_Handler
 .text.BusFault_Handler
                0x0000000008000e46        0x6 ./Core/Src/stm32f4xx_it.o
                0x0000000008000e46                BusFault_Handler
 .text.UsageFault_Handler
                0x0000000008000e4c        0x6 ./Core/Src/stm32f4xx_it.o
                0x0000000008000e4c                UsageFault_Handler
 .text.SVC_Handler
                0x0000000008000e52        0xe ./Core/Src/stm32f4xx_it.o
                0x0000000008000e52                SVC_Handler
 .text.DebugMon_Handler
                0x0000000008000e60        0xe ./Core/Src/stm32f4xx_it.o
                0x0000000008000e60                DebugMon_Handler
 .text.PendSV_Handler
                0x0000000008000e6e        0xe ./Core/Src/stm32f4xx_it.o
                0x0000000008000e6e                PendSV_Handler
 .text.SysTick_Handler
                0x0000000008000e7c        0xc ./Core/Src/stm32f4xx_it.o
                0x0000000008000e7c                SysTick_Handler
 .text.USART1_IRQHandler
                0x0000000008000e88       0x18 ./Core/Src/stm32f4xx_it.o
                0x0000000008000e88                USART1_IRQHandler
 .text._read    0x0000000008000ea0       0x3a ./Core/Src/syscalls.o
                0x0000000008000ea0                _read
 .text._write   0x0000000008000eda       0x38 ./Core/Src/syscalls.o
                0x0000000008000eda                _write
 .text._close   0x0000000008000f12       0x18 ./Core/Src/syscalls.o
                0x0000000008000f12                _close
 .text._fstat   0x0000000008000f2a       0x20 ./Core/Src/syscalls.o
                0x0000000008000f2a                _fstat
 .text._isatty  0x0000000008000f4a       0x16 ./Core/Src/syscalls.o
                0x0000000008000f4a                _isatty
 .text._lseek   0x0000000008000f60       0x1a ./Core/Src/syscalls.o
                0x0000000008000f60                _lseek
 *fill*         0x0000000008000f7a        0x2 
 .text._sbrk    0x0000000008000f7c       0x6c ./Core/Src/sysmem.o
                0x0000000008000f7c                _sbrk
 .text.SystemInit
                0x0000000008000fe8       0x24 ./Core/Src/system_stm32f4xx.o
                0x0000000008000fe8                SystemInit
 .text.Reset_Handler
                0x000000000800100c       0x50 ./Core/Startup/startup_stm32f446retx.o
                0x000000000800100c                Reset_Handler
 .text.Default_Handler
                0x000000000800105c        0x2 ./Core/Startup/startup_stm32f446retx.o
                0x000000000800105c                RTC_Alarm_IRQHandler
                0x000000000800105c                EXTI2_IRQHandler
                0x000000000800105c                TIM8_CC_IRQHandler
                0x000000000800105c                FMPI2C1_EV_IRQHandler
                0x000000000800105c                SPI4_IRQHandler
                0x000000000800105c                TIM1_CC_IRQHandler
                0x000000000800105c                DMA2_Stream5_IRQHandler
                0x000000000800105c                DMA1_Stream5_IRQHandler
                0x000000000800105c                PVD_IRQHandler
                0x000000000800105c                SDIO_IRQHandler
                0x000000000800105c                TAMP_STAMP_IRQHandler
                0x000000000800105c                CAN2_RX1_IRQHandler
                0x000000000800105c                EXTI3_IRQHandler
                0x000000000800105c                TIM8_TRG_COM_TIM14_IRQHandler
                0x000000000800105c                TIM1_UP_TIM10_IRQHandler
                0x000000000800105c                TIM8_UP_TIM13_IRQHandler
                0x000000000800105c                I2C3_ER_IRQHandler
                0x000000000800105c                EXTI0_IRQHandler
                0x000000000800105c                I2C2_EV_IRQHandler
                0x000000000800105c                DMA1_Stream2_IRQHandler
                0x000000000800105c                CAN1_RX0_IRQHandler
                0x000000000800105c                FPU_IRQHandler
                0x000000000800105c                OTG_HS_WKUP_IRQHandler
                0x000000000800105c                CAN2_SCE_IRQHandler
                0x000000000800105c                DMA2_Stream2_IRQHandler
                0x000000000800105c                SPI1_IRQHandler
                0x000000000800105c                TIM6_DAC_IRQHandler
                0x000000000800105c                TIM1_BRK_TIM9_IRQHandler
                0x000000000800105c                DCMI_IRQHandler
                0x000000000800105c                CAN2_RX0_IRQHandler
                0x000000000800105c                DMA2_Stream3_IRQHandler
                0x000000000800105c                SAI2_IRQHandler
                0x000000000800105c                USART6_IRQHandler
                0x000000000800105c                USART3_IRQHandler
                0x000000000800105c                CAN1_RX1_IRQHandler
                0x000000000800105c                UART5_IRQHandler
                0x000000000800105c                DMA2_Stream0_IRQHandler
                0x000000000800105c                TIM4_IRQHandler
                0x000000000800105c                QUADSPI_IRQHandler
                0x000000000800105c                I2C1_EV_IRQHandler
                0x000000000800105c                DMA1_Stream6_IRQHandler
                0x000000000800105c                DMA1_Stream1_IRQHandler
                0x000000000800105c                UART4_IRQHandler
                0x000000000800105c                TIM3_IRQHandler
                0x000000000800105c                RCC_IRQHandler
                0x000000000800105c                TIM8_BRK_TIM12_IRQHandler
                0x000000000800105c                Default_Handler
                0x000000000800105c                CEC_IRQHandler
                0x000000000800105c                EXTI15_10_IRQHandler
                0x000000000800105c                ADC_IRQHandler
                0x000000000800105c                DMA1_Stream7_IRQHandler
                0x000000000800105c                TIM7_IRQHandler
                0x000000000800105c                CAN2_TX_IRQHandler
                0x000000000800105c                TIM5_IRQHandler
                0x000000000800105c                DMA2_Stream7_IRQHandler
                0x000000000800105c                I2C3_EV_IRQHandler
                0x000000000800105c                EXTI9_5_IRQHandler
                0x000000000800105c                RTC_WKUP_IRQHandler
                0x000000000800105c                SPDIF_RX_IRQHandler
                0x000000000800105c                SPI2_IRQHandler
                0x000000000800105c                OTG_HS_EP1_IN_IRQHandler
                0x000000000800105c                DMA1_Stream0_IRQHandler
                0x000000000800105c                CAN1_TX_IRQHandler
                0x000000000800105c                FMPI2C1_ER_IRQHandler
                0x000000000800105c                EXTI4_IRQHandler
                0x000000000800105c                OTG_HS_EP1_OUT_IRQHandler
                0x000000000800105c                WWDG_IRQHandler
                0x000000000800105c                TIM2_IRQHandler
                0x000000000800105c                OTG_FS_WKUP_IRQHandler
                0x000000000800105c                TIM1_TRG_COM_TIM11_IRQHandler
                0x000000000800105c                OTG_HS_IRQHandler
                0x000000000800105c                EXTI1_IRQHandler
                0x000000000800105c                USART2_IRQHandler
                0x000000000800105c                I2C2_ER_IRQHandler
                0x000000000800105c                DMA2_Stream1_IRQHandler
                0x000000000800105c                CAN1_SCE_IRQHandler
                0x000000000800105c                FLASH_IRQHandler
                0x000000000800105c                DMA2_Stream4_IRQHandler
                0x000000000800105c                OTG_FS_IRQHandler
                0x000000000800105c                SPI3_IRQHandler
                0x000000000800105c                DMA1_Stream4_IRQHandler
                0x000000000800105c                I2C1_ER_IRQHandler
                0x000000000800105c                FMC_IRQHandler
                0x000000000800105c                DMA2_Stream6_IRQHandler
                0x000000000800105c                SAI1_IRQHandler
                0x000000000800105c                DMA1_Stream3_IRQHandler
 *fill*         0x000000000800105e        0x2 
 .text.HAL_Init
                0x0000000008001060       0x44 ./Drivers/STM32F4xx_HAL_Driver/Src/stm32f4xx_hal.o
                0x0000000008001060                HAL_Init
 .text.HAL_InitTick
                0x00000000080010a4       0x60 ./Drivers/STM32F4xx_HAL_Driver/Src/stm32f4xx_hal.o
                0x00000000080010a4                HAL_InitTick
 .text.HAL_IncTick
                0x0000000008001104       0x28 ./Drivers/STM32F4xx_HAL_Driver/Src/stm32f4xx_hal.o
                0x0000000008001104                HAL_IncTick
 .text.HAL_GetTick
                0x000000000800112c       0x18 ./Drivers/STM32F4xx_HAL_Driver/Src/stm32f4xx_hal.o
                0x000000000800112c                HAL_GetTick
 .text.HAL_Delay
                0x0000000008001144       0x48 ./Drivers/STM32F4xx_HAL_Driver/Src/stm32f4xx_hal.o
                0x0000000008001144                HAL_Delay
 .text.__NVIC_SetPriorityGrouping
                0x000000000800118c       0x48 ./Drivers/STM32F4xx_HAL_Driver/Src/stm32f4xx_hal_cortex.o
 .text.__NVIC_GetPriorityGrouping
                0x00000000080011d4       0x1c ./Drivers/STM32F4xx_HAL_Driver/Src/stm32f4xx_hal_cortex.o
 .text.__NVIC_EnableIRQ
                0x00000000080011f0       0x3c ./Drivers/STM32F4xx_HAL_Driver/Src/stm32f4xx_hal_cortex.o
 .text.__NVIC_SetPriority
                0x000000000800122c       0x54 ./Drivers/STM32F4xx_HAL_Driver/Src/stm32f4xx_hal_cortex.o
 .text.NVIC_EncodePriority
                0x0000000008001280       0x66 ./Drivers/STM32F4xx_HAL_Driver/Src/stm32f4xx_hal_cortex.o
 *fill*         0x00000000080012e6        0x2 
 .text.SysTick_Config
                0x00000000080012e8       0x44 ./Drivers/STM32F4xx_HAL_Driver/Src/stm32f4xx_hal_cortex.o
 .text.HAL_NVIC_SetPriorityGrouping
                0x000000000800132c       0x16 ./Drivers/STM32F4xx_HAL_Driver/Src/stm32f4xx_hal_cortex.o
                0x000000000800132c                HAL_NVIC_SetPriorityGrouping
 .text.HAL_NVIC_SetPriority
                0x0000000008001342       0x38 ./Drivers/STM32F4xx_HAL_Driver/Src/stm32f4xx_hal_cortex.o
                0x0000000008001342                HAL_NVIC_SetPriority
 .text.HAL_NVIC_EnableIRQ
                0x000000000800137a       0x1c ./Drivers/STM32F4xx_HAL_Driver/Src/stm32f4xx_hal_cortex.o
                0x000000000800137a                HAL_NVIC_EnableIRQ
 .text.HAL_SYSTICK_Config
                0x0000000008001396       0x18 ./Drivers/STM32F4xx_HAL_Driver/Src/stm32f4xx_hal_cortex.o
                0x0000000008001396                HAL_SYSTICK_Config
 .text.HAL_DMA_Abort
                0x00000000080013ae       0xe0 ./Drivers/STM32F4xx_HAL_Driver/Src/stm32f4xx_hal_dma.o
                0x00000000080013ae                HAL_DMA_Abort
 .text.HAL_DMA_Abort_IT
                0x000000000800148e       0x44 ./Drivers/STM32F4xx_HAL_Driver/Src/stm32f4xx_hal_dma.o
                0x000000000800148e                HAL_DMA_Abort_IT
 *fill*         0x00000000080014d2        0x2 
 .text.HAL_GPIO_Init
                0x00000000080014d4      0x328 ./Drivers/STM32F4xx_HAL_Driver/Src/stm32f4xx_hal_gpio.o
                0x00000000080014d4                HAL_GPIO_Init
 .text.HAL_GPIO_WritePin
                0x00000000080017fc       0x32 ./Drivers/STM32F4xx_HAL_Driver/Src/stm32f4xx_hal_gpio.o
                0x00000000080017fc                HAL_GPIO_WritePin
 *fill*         0x000000000800182e        0x2 
 .text.HAL_RCC_ClockConfig
                0x0000000008001830      0x1cc ./Drivers/STM32F4xx_HAL_Driver/Src/stm32f4xx_hal_rcc.o
                0x0000000008001830                HAL_RCC_ClockConfig
 .text.HAL_RCC_GetHCLKFreq
                0x00000000080019fc       0x18 ./Drivers/STM32F4xx_HAL_Driver/Src/stm32f4xx_hal_rcc.o
                0x00000000080019fc                HAL_RCC_GetHCLKFreq
 .text.HAL_RCC_GetPCLK1Freq
                0x0000000008001a14       0x28 ./Drivers/STM32F4xx_HAL_Driver/Src/stm32f4xx_hal_rcc.o
                0x0000000008001a14                HAL_RCC_GetPCLK1Freq
 .text.HAL_RCC_GetPCLK2Freq
                0x0000000008001a3c       0x28 ./Drivers/STM32F4xx_HAL_Driver/Src/stm32f4xx_hal_rcc.o
                0x0000000008001a3c                HAL_RCC_GetPCLK2Freq
 .text.HAL_RCC_GetSysClockFreq
                0x0000000008001a64      0x460 ./Drivers/STM32F4xx_HAL_Driver/Src/stm32f4xx_hal_rcc_ex.o
                0x0000000008001a64                HAL_RCC_GetSysClockFreq
 .text.HAL_RCC_OscConfig
                0x0000000008001ec4      0x53c ./Drivers/STM32F4xx_HAL_Driver/Src/stm32f4xx_hal_rcc_ex.o
                0x0000000008001ec4                HAL_RCC_OscConfig
 .text.HAL_UART_Init
                0x0000000008002400       0x9a ./Drivers/STM32F4xx_HAL_Driver/Src/stm32f4xx_hal_uart.o
                0x0000000008002400                HAL_UART_Init
 .text.HAL_UART_Transmit
                0x000000000800249a      0x124 ./Drivers/STM32F4xx_HAL_Driver/Src/stm32f4xx_hal_uart.o
                0x000000000800249a                HAL_UART_Transmit
 *fill*         0x00000000080025be        0x2 
 .text.HAL_UART_IRQHandler
                0x00000000080025c0      0x51c ./Drivers/STM32F4xx_HAL_Driver/Src/stm32f4xx_hal_uart.o
                0x00000000080025c0                HAL_UART_IRQHandler
 .text.HAL_UART_TxCpltCallback
                0x0000000008002adc       0x14 ./Drivers/STM32F4xx_HAL_Driver/Src/stm32f4xx_hal_uart.o
                0x0000000008002adc                HAL_UART_TxCpltCallback
 .text.HAL_UART_RxCpltCallback
                0x0000000008002af0       0x14 ./Drivers/STM32F4xx_HAL_Driver/Src/stm32f4xx_hal_uart.o
                0x0000000008002af0                HAL_UART_RxCpltCallback
 .text.HAL_UART_ErrorCallback
                0x0000000008002b04       0x14 ./Drivers/STM32F4xx_HAL_Driver/Src/stm32f4xx_hal_uart.o
                0x0000000008002b04                HAL_UART_ErrorCallback
 .text.HAL_UARTEx_RxEventCallback
                0x0000000008002b18       0x18 ./Drivers/STM32F4xx_HAL_Driver/Src/stm32f4xx_hal_uart.o
                0x0000000008002b18                HAL_UARTEx_RxEventCallback
 .text.UART_WaitOnFlagUntilTimeout
                0x0000000008002b30       0xdc ./Drivers/STM32F4xx_HAL_Driver/Src/stm32f4xx_hal_uart.o
 .text.UART_EndRxTransfer
                0x0000000008002c0c       0xc6 ./Drivers/STM32F4xx_HAL_Driver/Src/stm32f4xx_hal_uart.o
 .text.UART_DMAAbortOnError
                0x0000000008002cd2       0x28 ./Drivers/STM32F4xx_HAL_Driver/Src/stm32f4xx_hal_uart.o
 .text.UART_Transmit_IT
                0x0000000008002cfa       0xa0 ./Drivers/STM32F4xx_HAL_Driver/Src/stm32f4xx_hal_uart.o
 .text.UART_EndTransmit_IT
                0x0000000008002d9a       0x30 ./Drivers/STM32F4xx_HAL_Driver/Src/stm32f4xx_hal_uart.o
 .text.UART_Receive_IT
                0x0000000008002dca      0x176 ./Drivers/STM32F4xx_HAL_Driver/Src/stm32f4xx_hal_uart.o
 .text.UART_SetConfig
                0x0000000008002f40      0x4e8 ./Drivers/STM32F4xx_HAL_Driver/Src/stm32f4xx_hal_uart.o
 .text.MX_MBEDTLS_Init
                0x0000000008003428        0xe ./MBEDTLS/App/mbedtls.o
                0x0000000008003428                MX_MBEDTLS_Init
 .text.mbedtls_aes_init
                0x0000000008003436       0x1c ./Middlewares/Third_Party/mbedTLS/library/aes.o
                0x0000000008003436                mbedtls_aes_init
 .text.mbedtls_aes_free
                0x0000000008003452       0x22 ./Middlewares/Third_Party/mbedTLS/library/aes.o
                0x0000000008003452                mbedtls_aes_free
 .text.mbedtls_aes_setkey_enc
                0x0000000008003474      0x3ac ./Middlewares/Third_Party/mbedTLS/library/aes.o
                0x0000000008003474                mbedtls_aes_setkey_enc
 .text.mbedtls_internal_aes_encrypt
                0x0000000008003820      0x5c4 ./Middlewares/Third_Party/mbedTLS/library/aes.o
                0x0000000008003820                mbedtls_internal_aes_encrypt
 .text.mbedtls_internal_aes_decrypt
                0x0000000008003de4      0x5c4 ./Middlewares/Third_Party/mbedTLS/library/aes.o
                0x0000000008003de4                mbedtls_internal_aes_decrypt
 .text.mbedtls_aes_crypt_ecb
                0x00000000080043a8       0x36 ./Middlewares/Third_Party/mbedTLS/library/aes.o
                0x00000000080043a8                mbedtls_aes_crypt_ecb
 *fill*         0x00000000080043de        0x2 
 .text.mbedtls_asn1_get_len
                0x00000000080043e0      0x184 ./Middlewares/Third_Party/mbedTLS/library/asn1parse.o
                0x00000000080043e0                mbedtls_asn1_get_len
 .text.mbedtls_asn1_get_tag
                0x0000000008004564       0x52 ./Middlewares/Third_Party/mbedTLS/library/asn1parse.o
                0x0000000008004564                mbedtls_asn1_get_tag
 .text.mbedtls_asn1_get_mpi
                0x00000000080045b6       0x4c ./Middlewares/Third_Party/mbedTLS/library/asn1parse.o
                0x00000000080045b6                mbedtls_asn1_get_mpi
 .text.mbedtls_asn1_write_len
                0x0000000008004602      0x1d0 ./Middlewares/Third_Party/mbedTLS/library/asn1write.o
                0x0000000008004602                mbedtls_asn1_write_len
 .text.mbedtls_asn1_write_tag
                0x00000000080047d2       0x40 ./Middlewares/Third_Party/mbedTLS/library/asn1write.o
                0x00000000080047d2                mbedtls_asn1_write_tag
 .text.mbedtls_asn1_write_mpi
                0x0000000008004812       0xe8 ./Middlewares/Third_Party/mbedTLS/library/asn1write.o
                0x0000000008004812                mbedtls_asn1_write_mpi
 .text.mbedtls_mpi_zeroize
                0x00000000080048fa       0x1e ./Middlewares/Third_Party/mbedTLS/library/bignum.o
 .text.mbedtls_mpi_init
                0x0000000008004918       0x26 ./Middlewares/Third_Party/mbedTLS/library/bignum.o
                0x0000000008004918                mbedtls_mpi_init
 .text.mbedtls_mpi_free
                0x000000000800493e       0x4c ./Middlewares/Third_Party/mbedTLS/library/bignum.o
                0x000000000800493e                mbedtls_mpi_free
 .text.mbedtls_mpi_grow
                0x000000000800498a       0x86 ./Middlewares/Third_Party/mbedTLS/library/bignum.o
                0x000000000800498a                mbedtls_mpi_grow
 .text.mbedtls_mpi_shrink
                0x0000000008004a10       0xcc ./Middlewares/Third_Party/mbedTLS/library/bignum.o
                0x0000000008004a10                mbedtls_mpi_shrink
 .text.mbedtls_mpi_copy
                0x0000000008004adc       0xb8 ./Middlewares/Third_Party/mbedTLS/library/bignum.o
                0x0000000008004adc                mbedtls_mpi_copy
 .text.mbedtls_mpi_safe_cond_assign
                0x0000000008004b94       0xe4 ./Middlewares/Third_Party/mbedTLS/library/bignum.o
                0x0000000008004b94                mbedtls_mpi_safe_cond_assign
 .text.mbedtls_mpi_safe_cond_swap
                0x0000000008004c78      0x12a ./Middlewares/Third_Party/mbedTLS/library/bignum.o
                0x0000000008004c78                mbedtls_mpi_safe_cond_swap
 .text.mbedtls_mpi_lset
                0x0000000008004da2       0x5c ./Middlewares/Third_Party/mbedTLS/library/bignum.o
                0x0000000008004da2                mbedtls_mpi_lset
 .text.mbedtls_mpi_get_bit
                0x0000000008004dfe       0x42 ./Middlewares/Third_Party/mbedTLS/library/bignum.o
                0x0000000008004dfe                mbedtls_mpi_get_bit
 .text.mbedtls_mpi_set_bit
                0x0000000008004e40       0xae ./Middlewares/Third_Party/mbedTLS/library/bignum.o
                0x0000000008004e40                mbedtls_mpi_set_bit
 .text.mbedtls_mpi_lsb
                0x0000000008004eee       0x66 ./Middlewares/Third_Party/mbedTLS/library/bignum.o
                0x0000000008004eee                mbedtls_mpi_lsb
 .text.mbedtls_clz
                0x0000000008004f54       0x42 ./Middlewares/Third_Party/mbedTLS/library/bignum.o
 .text.mbedtls_mpi_bitlen
                0x0000000008004f96       0x68 ./Middlewares/Third_Party/mbedTLS/library/bignum.o
                0x0000000008004f96                mbedtls_mpi_bitlen
 .text.mbedtls_mpi_size
                0x0000000008004ffe       0x1c ./Middlewares/Third_Party/mbedTLS/library/bignum.o
                0x0000000008004ffe                mbedtls_mpi_size
 .text.mpi_get_digit
                0x000000000800501a       0x74 ./Middlewares/Third_Party/mbedTLS/library/bignum.o
 .text.mbedtls_mpi_read_string
                0x000000000800508e      0x1e2 ./Middlewares/Third_Party/mbedTLS/library/bignum.o
                0x000000000800508e                mbedtls_mpi_read_string
 .text.mpi_uint_bigendian_to_host
                0x0000000008005270       0x18 ./Middlewares/Third_Party/mbedTLS/library/bignum.o
 .text.mpi_bigendian_to_host
                0x0000000008005288       0x66 ./Middlewares/Third_Party/mbedTLS/library/bignum.o
 .text.mbedtls_mpi_read_binary
                0x00000000080052ee       0xa2 ./Middlewares/Third_Party/mbedTLS/library/bignum.o
                0x00000000080052ee                mbedtls_mpi_read_binary
 .text.mbedtls_mpi_write_binary
                0x0000000008005390       0xc8 ./Middlewares/Third_Party/mbedTLS/library/bignum.o
                0x0000000008005390                mbedtls_mpi_write_binary
 .text.mbedtls_mpi_shift_l
                0x0000000008005458      0x14a ./Middlewares/Third_Party/mbedTLS/library/bignum.o
                0x0000000008005458                mbedtls_mpi_shift_l
 .text.mbedtls_mpi_shift_r
                0x00000000080055a2      0x136 ./Middlewares/Third_Party/mbedTLS/library/bignum.o
                0x00000000080055a2                mbedtls_mpi_shift_r
 .text.mbedtls_mpi_cmp_abs
                0x00000000080056d8      0x104 ./Middlewares/Third_Party/mbedTLS/library/bignum.o
                0x00000000080056d8                mbedtls_mpi_cmp_abs
 .text.mbedtls_mpi_cmp_mpi
                0x00000000080057dc      0x136 ./Middlewares/Third_Party/mbedTLS/library/bignum.o
                0x00000000080057dc                mbedtls_mpi_cmp_mpi
 .text.mbedtls_mpi_cmp_int
                0x0000000008005912       0x44 ./Middlewares/Third_Party/mbedTLS/library/bignum.o
                0x0000000008005912                mbedtls_mpi_cmp_int
 .text.mbedtls_mpi_add_abs
                0x0000000008005956      0x168 ./Middlewares/Third_Party/mbedTLS/library/bignum.o
                0x0000000008005956                mbedtls_mpi_add_abs
 .text.mpi_sub_hlp
                0x0000000008005abe       0xb4 ./Middlewares/Third_Party/mbedTLS/library/bignum.o
 .text.mbedtls_mpi_sub_abs
                0x0000000008005b72       0xc8 ./Middlewares/Third_Party/mbedTLS/library/bignum.o
                0x0000000008005b72                mbedtls_mpi_sub_abs
 .text.mbedtls_mpi_add_mpi
                0x0000000008005c3a       0x94 ./Middlewares/Third_Party/mbedTLS/library/bignum.o
                0x0000000008005c3a                mbedtls_mpi_add_mpi
 .text.mbedtls_mpi_sub_mpi
                0x0000000008005cce       0x94 ./Middlewares/Third_Party/mbedTLS/library/bignum.o
                0x0000000008005cce                mbedtls_mpi_sub_mpi
 .text.mbedtls_mpi_add_int
                0x0000000008005d62       0x48 ./Middlewares/Third_Party/mbedTLS/library/bignum.o
                0x0000000008005d62                mbedtls_mpi_add_int
 .text.mbedtls_mpi_sub_int
                0x0000000008005daa       0x48 ./Middlewares/Third_Party/mbedTLS/library/bignum.o
                0x0000000008005daa                mbedtls_mpi_sub_int
 .text.mpi_mul_hlp
                0x0000000008005df2     0x1752 ./Middlewares/Third_Party/mbedTLS/library/bignum.o
 .text.mbedtls_mpi_mul_mpi
                0x0000000008007544      0x160 ./Middlewares/Third_Party/mbedTLS/library/bignum.o
                0x0000000008007544                mbedtls_mpi_mul_mpi
 .text.mbedtls_mpi_mul_int
                0x00000000080076a4       0x36 ./Middlewares/Third_Party/mbedTLS/library/bignum.o
                0x00000000080076a4                mbedtls_mpi_mul_int
 .text.mbedtls_int_div_int
                0x00000000080076da      0x194 ./Middlewares/Third_Party/mbedTLS/library/bignum.o
 .text.mbedtls_mpi_div_mpi
                0x000000000800786e      0x5a6 ./Middlewares/Third_Party/mbedTLS/library/bignum.o
                0x000000000800786e                mbedtls_mpi_div_mpi
 .text.mbedtls_mpi_mod_mpi
                0x0000000008007e14       0x8e ./Middlewares/Third_Party/mbedTLS/library/bignum.o
                0x0000000008007e14                mbedtls_mpi_mod_mpi
 .text.mbedtls_mpi_gcd
                0x0000000008007ea2      0x1ec ./Middlewares/Third_Party/mbedTLS/library/bignum.o
                0x0000000008007ea2                mbedtls_mpi_gcd
 .text.mbedtls_mpi_fill_random
                0x000000000800808e       0x98 ./Middlewares/Third_Party/mbedTLS/library/bignum.o
                0x000000000800808e                mbedtls_mpi_fill_random
 .text.mbedtls_mpi_inv_mod
                0x0000000008008126      0x4a6 ./Middlewares/Third_Party/mbedTLS/library/bignum.o
                0x0000000008008126                mbedtls_mpi_inv_mod
 .text.mbedtls_ctr_drbg_init
                0x00000000080085cc       0x1c ./Middlewares/Third_Party/mbedTLS/library/ctr_drbg.o
                0x00000000080085cc                mbedtls_ctr_drbg_init
 .text.mbedtls_ctr_drbg_seed_entropy_len
                0x00000000080085e8       0x82 ./Middlewares/Third_Party/mbedTLS/library/ctr_drbg.o
                0x00000000080085e8                mbedtls_ctr_drbg_seed_entropy_len
 .text.mbedtls_ctr_drbg_seed
                0x000000000800866a       0x2c ./Middlewares/Third_Party/mbedTLS/library/ctr_drbg.o
                0x000000000800866a                mbedtls_ctr_drbg_seed
 .text.block_cipher_df
                0x0000000008008696      0x370 ./Middlewares/Third_Party/mbedTLS/library/ctr_drbg.o
 .text.ctr_drbg_update_internal
                0x0000000008008a06       0xfc ./Middlewares/Third_Party/mbedTLS/library/ctr_drbg.o
 .text.mbedtls_ctr_drbg_reseed
                0x0000000008008b02      0x182 ./Middlewares/Third_Party/mbedTLS/library/ctr_drbg.o
                0x0000000008008b02                mbedtls_ctr_drbg_reseed
 .text.mbedtls_ctr_drbg_random_with_add
                0x0000000008008c84      0x16a ./Middlewares/Third_Party/mbedTLS/library/ctr_drbg.o
                0x0000000008008c84                mbedtls_ctr_drbg_random_with_add
 .text.mbedtls_ctr_drbg_random
                0x0000000008008dee       0x2c ./Middlewares/Third_Party/mbedTLS/library/ctr_drbg.o
                0x0000000008008dee                mbedtls_ctr_drbg_random
 .text.derive_mpi
                0x0000000008008e1a       0x98 ./Middlewares/Third_Party/mbedTLS/library/ecdsa.o
 *fill*         0x0000000008008eb2        0x2 
 .text.ecdsa_sign_restartable
                0x0000000008008eb4      0x26c ./Middlewares/Third_Party/mbedTLS/library/ecdsa.o
 .text.ecdsa_verify_restartable
                0x0000000008009120      0x200 ./Middlewares/Third_Party/mbedTLS/library/ecdsa.o
 .text.ecdsa_signature_to_asn1
                0x0000000008009320       0xfe ./Middlewares/Third_Party/mbedTLS/library/ecdsa.o
 .text.mbedtls_ecdsa_write_signature_restartable
                0x000000000800941e       0x8e ./Middlewares/Third_Party/mbedTLS/library/ecdsa.o
                0x000000000800941e                mbedtls_ecdsa_write_signature_restartable
 .text.mbedtls_ecdsa_write_signature
                0x00000000080094ac       0x3a ./Middlewares/Third_Party/mbedTLS/library/ecdsa.o
                0x00000000080094ac                mbedtls_ecdsa_write_signature
 .text.mbedtls_ecdsa_read_signature
                0x00000000080094e6       0x2c ./Middlewares/Third_Party/mbedTLS/library/ecdsa.o
                0x00000000080094e6                mbedtls_ecdsa_read_signature
 *fill*         0x0000000008009512        0x2 
 .text.mbedtls_ecdsa_read_signature_restartable
                0x0000000008009514      0x100 ./Middlewares/Third_Party/mbedTLS/library/ecdsa.o
                0x0000000008009514                mbedtls_ecdsa_read_signature_restartable
 .text.mbedtls_ecdsa_from_keypair
                0x0000000008009614       0x62 ./Middlewares/Third_Party/mbedTLS/library/ecdsa.o
                0x0000000008009614                mbedtls_ecdsa_from_keypair
 .text.mbedtls_ecdsa_init
                0x0000000008009676       0x16 ./Middlewares/Third_Party/mbedTLS/library/ecdsa.o
                0x0000000008009676                mbedtls_ecdsa_init
 .text.mbedtls_ecdsa_free
                0x000000000800968c       0x1e ./Middlewares/Third_Party/mbedTLS/library/ecdsa.o
                0x000000000800968c                mbedtls_ecdsa_free
 .text.ecp_get_type
                0x00000000080096aa       0x2e ./Middlewares/Third_Party/mbedTLS/library/ecp.o
 .text.mbedtls_ecp_point_init
                0x00000000080096d8       0x2c ./Middlewares/Third_Party/mbedTLS/library/ecp.o
                0x00000000080096d8                mbedtls_ecp_point_init
 .text.mbedtls_ecp_group_init
                0x0000000008009704       0x7e ./Middlewares/Third_Party/mbedTLS/library/ecp.o
                0x0000000008009704                mbedtls_ecp_group_init
 .text.mbedtls_ecp_keypair_init
                0x0000000008009782       0x2c ./Middlewares/Third_Party/mbedTLS/library/ecp.o
                0x0000000008009782                mbedtls_ecp_keypair_init
 .text.mbedtls_ecp_point_free
                0x00000000080097ae       0x34 ./Middlewares/Third_Party/mbedTLS/library/ecp.o
                0x00000000080097ae                mbedtls_ecp_point_free
 .text.mbedtls_ecp_group_free
                0x00000000080097e2       0x98 ./Middlewares/Third_Party/mbedTLS/library/ecp.o
                0x00000000080097e2                mbedtls_ecp_group_free
 .text.mbedtls_ecp_keypair_free
                0x000000000800987a       0x34 ./Middlewares/Third_Party/mbedTLS/library/ecp.o
                0x000000000800987a                mbedtls_ecp_keypair_free
 .text.mbedtls_ecp_copy
                0x00000000080098ae       0x62 ./Middlewares/Third_Party/mbedTLS/library/ecp.o
                0x00000000080098ae                mbedtls_ecp_copy
 .text.mbedtls_ecp_group_copy
                0x0000000008009910       0x20 ./Middlewares/Third_Party/mbedTLS/library/ecp.o
                0x0000000008009910                mbedtls_ecp_group_copy
 .text.mbedtls_ecp_set_zero
                0x0000000008009930       0x52 ./Middlewares/Third_Party/mbedTLS/library/ecp.o
                0x0000000008009930                mbedtls_ecp_set_zero
 .text.mbedtls_ecp_is_zero
                0x0000000008009982       0x28 ./Middlewares/Third_Party/mbedTLS/library/ecp.o
                0x0000000008009982                mbedtls_ecp_is_zero
 *fill*         0x00000000080099aa        0x2 
 .text.ecp_modp
                0x00000000080099ac       0xd4 ./Middlewares/Third_Party/mbedTLS/library/ecp.o
 .text.ecp_normalize_jac
                0x0000000008009a80      0x15a ./Middlewares/Third_Party/mbedTLS/library/ecp.o
 *fill*         0x0000000008009bda        0x2 
 .text.ecp_normalize_jac_many
                0x0000000008009bdc      0x3e4 ./Middlewares/Third_Party/mbedTLS/library/ecp.o
 .text.ecp_safe_invert_jac
                0x0000000008009fc0       0x88 ./Middlewares/Third_Party/mbedTLS/library/ecp.o
 .text.ecp_double_jac
                0x000000000800a048      0x7f6 ./Middlewares/Third_Party/mbedTLS/library/ecp.o
 *fill*         0x000000000800a83e        0x2 
 .text.ecp_add_mixed
                0x000000000800a840      0x688 ./Middlewares/Third_Party/mbedTLS/library/ecp.o
 .text.ecp_randomize_jac
                0x000000000800aec8      0x1c8 ./Middlewares/Third_Party/mbedTLS/library/ecp.o
 .text.ecp_comb_recode_core
                0x000000000800b090      0x158 ./Middlewares/Third_Party/mbedTLS/library/ecp.o
 .text.ecp_precompute_comb
                0x000000000800b1e8      0x1fa ./Middlewares/Third_Party/mbedTLS/library/ecp.o
 .text.ecp_select_comb
                0x000000000800b3e2       0xc0 ./Middlewares/Third_Party/mbedTLS/library/ecp.o
 .text.ecp_mul_comb_core
                0x000000000800b4a2       0xee ./Middlewares/Third_Party/mbedTLS/library/ecp.o
 .text.ecp_comb_recode_scalar
                0x000000000800b590       0xd8 ./Middlewares/Third_Party/mbedTLS/library/ecp.o
 .text.ecp_mul_comb_after_precomp
                0x000000000800b668       0xc0 ./Middlewares/Third_Party/mbedTLS/library/ecp.o
 .text.ecp_pick_window_size
                0x000000000800b728       0x50 ./Middlewares/Third_Party/mbedTLS/library/ecp.o
 .text.ecp_mul_comb
                0x000000000800b778      0x17c ./Middlewares/Third_Party/mbedTLS/library/ecp.o
 .text.ecp_normalize_mxz
                0x000000000800b8f4       0x78 ./Middlewares/Third_Party/mbedTLS/library/ecp.o
 .text.ecp_randomize_mxz
                0x000000000800b96c      0x10c ./Middlewares/Third_Party/mbedTLS/library/ecp.o
 .text.ecp_double_add_mxz
                0x000000000800ba78      0x5c0 ./Middlewares/Third_Party/mbedTLS/library/ecp.o
 .text.ecp_mul_mxz
                0x000000000800c038      0x1dc ./Middlewares/Third_Party/mbedTLS/library/ecp.o
 .text.mbedtls_ecp_mul_restartable
                0x000000000800c214       0xa8 ./Middlewares/Third_Party/mbedTLS/library/ecp.o
                0x000000000800c214                mbedtls_ecp_mul_restartable
 .text.mbedtls_ecp_mul
                0x000000000800c2bc       0x30 ./Middlewares/Third_Party/mbedTLS/library/ecp.o
                0x000000000800c2bc                mbedtls_ecp_mul
 .text.ecp_check_pubkey_sw
                0x000000000800c2ec      0x268 ./Middlewares/Third_Party/mbedTLS/library/ecp.o
 .text.mbedtls_ecp_mul_shortcuts
                0x000000000800c554       0xa6 ./Middlewares/Third_Party/mbedTLS/library/ecp.o
 *fill*         0x000000000800c5fa        0x2 
 .text.mbedtls_ecp_muladd_restartable
                0x000000000800c5fc       0xa8 ./Middlewares/Third_Party/mbedTLS/library/ecp.o
                0x000000000800c5fc                mbedtls_ecp_muladd_restartable
 .text.ecp_check_pubkey_mx
                0x000000000800c6a4       0x34 ./Middlewares/Third_Party/mbedTLS/library/ecp.o
 .text.mbedtls_ecp_check_pubkey
                0x000000000800c6d8       0x64 ./Middlewares/Third_Party/mbedTLS/library/ecp.o
                0x000000000800c6d8                mbedtls_ecp_check_pubkey
 .text.mbedtls_ecp_check_privkey
                0x000000000800c73c       0xac ./Middlewares/Third_Party/mbedTLS/library/ecp.o
                0x000000000800c73c                mbedtls_ecp_check_privkey
 .text.mbedtls_ecp_gen_privkey
                0x000000000800c7e8      0x16c ./Middlewares/Third_Party/mbedTLS/library/ecp.o
                0x000000000800c7e8                mbedtls_ecp_gen_privkey
 .text.mbedtls_ecp_gen_keypair_base
                0x000000000800c954       0x4a ./Middlewares/Third_Party/mbedTLS/library/ecp.o
                0x000000000800c954                mbedtls_ecp_gen_keypair_base
 .text.mbedtls_ecp_gen_keypair
                0x000000000800c99e       0x30 ./Middlewares/Third_Party/mbedTLS/library/ecp.o
                0x000000000800c99e                mbedtls_ecp_gen_keypair
 .text.mbedtls_ecp_gen_key
                0x000000000800c9ce       0x4a ./Middlewares/Third_Party/mbedTLS/library/ecp.o
                0x000000000800c9ce                mbedtls_ecp_gen_key
 .text.mbedtls_ecp_check_pub_priv
                0x000000000800ca18      0x134 ./Middlewares/Third_Party/mbedTLS/library/ecp.o
                0x000000000800ca18                mbedtls_ecp_check_pub_priv
 .text.ecp_mpi_load
                0x000000000800cb4c       0x2c ./Middlewares/Third_Party/mbedTLS/library/ecp_curves.o
 .text.ecp_mpi_set1
                0x000000000800cb78       0x2c ./Middlewares/Third_Party/mbedTLS/library/ecp_curves.o
 .text.ecp_group_load
                0x000000000800cba4       0xa2 ./Middlewares/Third_Party/mbedTLS/library/ecp_curves.o
 *fill*         0x000000000800cc46        0x2 
 .text.ecp_use_curve448
                0x000000000800cc48      0x180 ./Middlewares/Third_Party/mbedTLS/library/ecp_curves.o
 .text.mbedtls_ecp_group_load
                0x000000000800cdc8       0xf8 ./Middlewares/Third_Party/mbedTLS/library/ecp_curves.o
                0x000000000800cdc8                mbedtls_ecp_group_load
 .text.add32    0x000000000800cec0       0x46 ./Middlewares/Third_Party/mbedTLS/library/ecp_curves.o
 .text.sub32    0x000000000800cf06       0x46 ./Middlewares/Third_Party/mbedTLS/library/ecp_curves.o
 .text.fix_negative
                0x000000000800cf4c       0x54 ./Middlewares/Third_Party/mbedTLS/library/ecp_curves.o
 .text.ecp_mod_p256
                0x000000000800cfa0      0x83a ./Middlewares/Third_Party/mbedTLS/library/ecp_curves.o
 .text.ecp_mod_p384
                0x000000000800d7da      0xab4 ./Middlewares/Third_Party/mbedTLS/library/ecp_curves.o
 *fill*         0x000000000800e28e        0x2 
 .text.ecp_mod_p448
                0x000000000800e290      0x1b0 ./Middlewares/Third_Party/mbedTLS/library/ecp_curves.o
 .text.mbedtls_entropy_init
                0x000000000800e440       0x36 ./Middlewares/Third_Party/mbedTLS/library/entropy.o
                0x000000000800e440                mbedtls_entropy_init
 .text.entropy_update
                0x000000000800e476       0xbc ./Middlewares/Third_Party/mbedTLS/library/entropy.o
 .text.entropy_gather_internal
                0x000000000800e532      0x126 ./Middlewares/Third_Party/mbedTLS/library/entropy.o
 .text.mbedtls_entropy_func
                0x000000000800e658      0x178 ./Middlewares/Third_Party/mbedTLS/library/entropy.o
                0x000000000800e658                mbedtls_entropy_func
 .text.mbedtls_pk_init
                0x000000000800e7d0       0x20 ./Middlewares/Third_Party/mbedTLS/library/pk.o
                0x000000000800e7d0                mbedtls_pk_init
 .text.mbedtls_pk_free
                0x000000000800e7f0       0x36 ./Middlewares/Third_Party/mbedTLS/library/pk.o
                0x000000000800e7f0                mbedtls_pk_free
 *fill*         0x000000000800e826        0x2 
 .text.mbedtls_pk_info_from_type
                0x000000000800e828       0x44 ./Middlewares/Third_Party/mbedTLS/library/pk.o
                0x000000000800e828                mbedtls_pk_info_from_type
 .text.mbedtls_pk_setup
                0x000000000800e86c       0x4c ./Middlewares/Third_Party/mbedTLS/library/pk.o
                0x000000000800e86c                mbedtls_pk_setup
 .text.eckey_can_do
                0x000000000800e8b8       0x2e ./Middlewares/Third_Party/mbedTLS/library/pk_wrap.o
 .text.eckey_get_bitlen
                0x000000000800e8e6       0x18 ./Middlewares/Third_Party/mbedTLS/library/pk_wrap.o
 .text.eckey_verify_wrap
                0x000000000800e8fe       0x66 ./Middlewares/Third_Party/mbedTLS/library/pk_wrap.o
 .text.eckey_sign_wrap
                0x000000000800e964       0x72 ./Middlewares/Third_Party/mbedTLS/library/pk_wrap.o
 .text.eckey_check_pair
                0x000000000800e9d6       0x1c ./Middlewares/Third_Party/mbedTLS/library/pk_wrap.o
 .text.eckey_alloc_wrap
                0x000000000800e9f2       0x28 ./Middlewares/Third_Party/mbedTLS/library/pk_wrap.o
 .text.eckey_free_wrap
                0x000000000800ea1a       0x1c ./Middlewares/Third_Party/mbedTLS/library/pk_wrap.o
 *fill*         0x000000000800ea36        0x2 
 .text.eckey_debug
                0x000000000800ea38       0x30 ./Middlewares/Third_Party/mbedTLS/library/pk_wrap.o
 .text.eckeydh_can_do
                0x000000000800ea68       0x28 ./Middlewares/Third_Party/mbedTLS/library/pk_wrap.o
 .text.ecdsa_can_do
                0x000000000800ea90       0x22 ./Middlewares/Third_Party/mbedTLS/library/pk_wrap.o
 *fill*         0x000000000800eab2        0x2 
 .text.ecdsa_verify_wrap
                0x000000000800eab4       0x3c ./Middlewares/Third_Party/mbedTLS/library/pk_wrap.o
 .text.ecdsa_sign_wrap
                0x000000000800eaf0       0x36 ./Middlewares/Third_Party/mbedTLS/library/pk_wrap.o
 .text.ecdsa_alloc_wrap
                0x000000000800eb26       0x28 ./Middlewares/Third_Party/mbedTLS/library/pk_wrap.o
 .text.ecdsa_free_wrap
                0x000000000800eb4e       0x1c ./Middlewares/Third_Party/mbedTLS/library/pk_wrap.o
 *fill*         0x000000000800eb6a        0x2 
 .text.mbedtls_platform_zeroize
                0x000000000800eb6c       0x24 ./Middlewares/Third_Party/mbedTLS/library/platform_util.o
                0x000000000800eb6c                mbedtls_platform_zeroize
 .text.mbedtls_sha512_init
                0x000000000800eb90       0x1a ./Middlewares/Third_Party/mbedTLS/library/sha512.o
                0x000000000800eb90                mbedtls_sha512_init
 .text.mbedtls_sha512_free
                0x000000000800ebaa       0x20 ./Middlewares/Third_Party/mbedTLS/library/sha512.o
                0x000000000800ebaa                mbedtls_sha512_free
 *fill*         0x000000000800ebca        0x6 
 .text.mbedtls_sha512_starts_ret
                0x000000000800ebd0      0x188 ./Middlewares/Third_Party/mbedTLS/library/sha512.o
                0x000000000800ebd0                mbedtls_sha512_starts_ret
 .text.mbedtls_internal_sha512_process
                0x000000000800ed58     0x217c ./Middlewares/Third_Party/mbedTLS/library/sha512.o
                0x000000000800ed58                mbedtls_internal_sha512_process
 .text.mbedtls_sha512_update_ret
                0x0000000008010ed4      0x116 ./Middlewares/Third_Party/mbedTLS/library/sha512.o
                0x0000000008010ed4                mbedtls_sha512_update_ret
 .text.mbedtls_sha512_finish_ret
                0x0000000008010fea      0x8fe ./Middlewares/Third_Party/mbedTLS/library/sha512.o
                0x0000000008010fea                mbedtls_sha512_finish_ret
 .text.mbedtls_sha512_ret
                0x00000000080118e8       0x7e ./Middlewares/Third_Party/mbedTLS/library/sha512.o
                0x00000000080118e8                mbedtls_sha512_ret
 *fill*         0x0000000008011966        0x2 
 .text.calloc   0x0000000008011968       0x10 c:/st/stm32cubeide_1.9.0/stm32cubeide/plugins/com.st.stm32cube.ide.mcu.externaltools.gnu-tools-for-stm32.10.3-2021.10.win32_1.0.0.202111181127/tools/bin/../lib/gcc/arm-none-eabi/10.3.1/../../../../arm-none-eabi/lib/thumb/v7e-m+fp/hard\libc_nano.a(lib_a-calloc.o)
                0x0000000008011968                calloc
 .text.__errno  0x0000000008011978        0xc c:/st/stm32cubeide_1.9.0/stm32cubeide/plugins/com.st.stm32cube.ide.mcu.externaltools.gnu-tools-for-stm32.10.3-2021.10.win32_1.0.0.202111181127/tools/bin/../lib/gcc/arm-none-eabi/10.3.1/../../../../arm-none-eabi/lib/thumb/v7e-m+fp/hard\libc_nano.a(lib_a-errno.o)
                0x0000000008011978                __errno
 .text.__libc_init_array
                0x0000000008011984       0x48 c:/st/stm32cubeide_1.9.0/stm32cubeide/plugins/com.st.stm32cube.ide.mcu.externaltools.gnu-tools-for-stm32.10.3-2021.10.win32_1.0.0.202111181127/tools/bin/../lib/gcc/arm-none-eabi/10.3.1/../../../../arm-none-eabi/lib/thumb/v7e-m+fp/hard\libc_nano.a(lib_a-init.o)
                0x0000000008011984                __libc_init_array
 .text.free     0x00000000080119cc       0x10 c:/st/stm32cubeide_1.9.0/stm32cubeide/plugins/com.st.stm32cube.ide.mcu.externaltools.gnu-tools-for-stm32.10.3-2021.10.win32_1.0.0.202111181127/tools/bin/../lib/gcc/arm-none-eabi/10.3.1/../../../../arm-none-eabi/lib/thumb/v7e-m+fp/hard\libc_nano.a(lib_a-malloc.o)
                0x00000000080119cc                free
 .text.memcpy   0x00000000080119dc       0x1c c:/st/stm32cubeide_1.9.0/stm32cubeide/plugins/com.st.stm32cube.ide.mcu.externaltools.gnu-tools-for-stm32.10.3-2021.10.win32_1.0.0.202111181127/tools/bin/../lib/gcc/arm-none-eabi/10.3.1/../../../../arm-none-eabi/lib/thumb/v7e-m+fp/hard\libc_nano.a(lib_a-memcpy-stub.o)
                0x00000000080119dc                memcpy
 .text.memset   0x00000000080119f8       0x10 c:/st/stm32cubeide_1.9.0/stm32cubeide/plugins/com.st.stm32cube.ide.mcu.externaltools.gnu-tools-for-stm32.10.3-2021.10.win32_1.0.0.202111181127/tools/bin/../lib/gcc/arm-none-eabi/10.3.1/../../../../arm-none-eabi/lib/thumb/v7e-m+fp/hard\libc_nano.a(lib_a-memset.o)
                0x00000000080119f8                memset
 .text._calloc_r
                0x0000000008011a08       0x2c c:/st/stm32cubeide_1.9.0/stm32cubeide/plugins/com.st.stm32cube.ide.mcu.externaltools.gnu-tools-for-stm32.10.3-2021.10.win32_1.0.0.202111181127/tools/bin/../lib/gcc/arm-none-eabi/10.3.1/../../../../arm-none-eabi/lib/thumb/v7e-m+fp/hard\libc_nano.a(lib_a-nano-callocr.o)
                0x0000000008011a08                _calloc_r
 .text._free_r  0x0000000008011a34       0x98 c:/st/stm32cubeide_1.9.0/stm32cubeide/plugins/com.st.stm32cube.ide.mcu.externaltools.gnu-tools-for-stm32.10.3-2021.10.win32_1.0.0.202111181127/tools/bin/../lib/gcc/arm-none-eabi/10.3.1/../../../../arm-none-eabi/lib/thumb/v7e-m+fp/hard\libc_nano.a(lib_a-nano-freer.o)
                0x0000000008011a34                _free_r
 .text.sbrk_aligned
                0x0000000008011acc       0x40 c:/st/stm32cubeide_1.9.0/stm32cubeide/plugins/com.st.stm32cube.ide.mcu.externaltools.gnu-tools-for-stm32.10.3-2021.10.win32_1.0.0.202111181127/tools/bin/../lib/gcc/arm-none-eabi/10.3.1/../../../../arm-none-eabi/lib/thumb/v7e-m+fp/hard\libc_nano.a(lib_a-nano-mallocr.o)
 .text._malloc_r
                0x0000000008011b0c       0xe8 c:/st/stm32cubeide_1.9.0/stm32cubeide/plugins/com.st.stm32cube.ide.mcu.externaltools.gnu-tools-for-stm32.10.3-2021.10.win32_1.0.0.202111181127/tools/bin/../lib/gcc/arm-none-eabi/10.3.1/../../../../arm-none-eabi/lib/thumb/v7e-m+fp/hard\libc_nano.a(lib_a-nano-mallocr.o)
                0x0000000008011b0c                _malloc_r
 .text.printf   0x0000000008011bf4       0x30 c:/st/stm32cubeide_1.9.0/stm32cubeide/plugins/com.st.stm32cube.ide.mcu.externaltools.gnu-tools-for-stm32.10.3-2021.10.win32_1.0.0.202111181127/tools/bin/../lib/gcc/arm-none-eabi/10.3.1/../../../../arm-none-eabi/lib/thumb/v7e-m+fp/hard\libc_nano.a(lib_a-printf.o)
                0x0000000008011bf4                iprintf
                0x0000000008011bf4                printf
 .text._sbrk_r  0x0000000008011c24       0x20 c:/st/stm32cubeide_1.9.0/stm32cubeide/plugins/com.st.stm32cube.ide.mcu.externaltools.gnu-tools-for-stm32.10.3-2021.10.win32_1.0.0.202111181127/tools/bin/../lib/gcc/arm-none-eabi/10.3.1/../../../../arm-none-eabi/lib/thumb/v7e-m+fp/hard\libc_nano.a(lib_a-sbrkr.o)
                0x0000000008011c24                _sbrk_r
 .text.std      0x0000000008011c44       0x48 c:/st/stm32cubeide_1.9.0/stm32cubeide/plugins/com.st.stm32cube.ide.mcu.externaltools.gnu-tools-for-stm32.10.3-2021.10.win32_1.0.0.202111181127/tools/bin/../lib/gcc/arm-none-eabi/10.3.1/../../../../arm-none-eabi/lib/thumb/v7e-m+fp/hard\libc_nano.a(lib_a-findfp.o)
 .text._cleanup_r
                0x0000000008011c8c        0xc c:/st/stm32cubeide_1.9.0/stm32cubeide/plugins/com.st.stm32cube.ide.mcu.externaltools.gnu-tools-for-stm32.10.3-2021.10.win32_1.0.0.202111181127/tools/bin/../lib/gcc/arm-none-eabi/10.3.1/../../../../arm-none-eabi/lib/thumb/v7e-m+fp/hard\libc_nano.a(lib_a-findfp.o)
                0x0000000008011c8c                _cleanup_r
 .text.__sfmoreglue
                0x0000000008011c98       0x2c c:/st/stm32cubeide_1.9.0/stm32cubeide/plugins/com.st.stm32cube.ide.mcu.externaltools.gnu-tools-for-stm32.10.3-2021.10.win32_1.0.0.202111181127/tools/bin/../lib/gcc/arm-none-eabi/10.3.1/../../../../arm-none-eabi/lib/thumb/v7e-m+fp/hard\libc_nano.a(lib_a-findfp.o)
                0x0000000008011c98                __sfmoreglue
 .text.__sfp_lock_acquire
                0x0000000008011cc4        0xc c:/st/stm32cubeide_1.9.0/stm32cubeide/plugins/com.st.stm32cube.ide.mcu.externaltools.gnu-tools-for-stm32.10.3-2021.10.win32_1.0.0.202111181127/tools/bin/../lib/gcc/arm-none-eabi/10.3.1/../../../../arm-none-eabi/lib/thumb/v7e-m+fp/hard\libc_nano.a(lib_a-findfp.o)
                0x0000000008011cc4                __sfp_lock_acquire
 .text.__sfp_lock_release
                0x0000000008011cd0        0xc c:/st/stm32cubeide_1.9.0/stm32cubeide/plugins/com.st.stm32cube.ide.mcu.externaltools.gnu-tools-for-stm32.10.3-2021.10.win32_1.0.0.202111181127/tools/bin/../lib/gcc/arm-none-eabi/10.3.1/../../../../arm-none-eabi/lib/thumb/v7e-m+fp/hard\libc_nano.a(lib_a-findfp.o)
                0x0000000008011cd0                __sfp_lock_release
 .text.__sinit_lock_acquire
                0x0000000008011cdc        0xc c:/st/stm32cubeide_1.9.0/stm32cubeide/plugins/com.st.stm32cube.ide.mcu.externaltools.gnu-tools-for-stm32.10.3-2021.10.win32_1.0.0.202111181127/tools/bin/../lib/gcc/arm-none-eabi/10.3.1/../../../../arm-none-eabi/lib/thumb/v7e-m+fp/hard\libc_nano.a(lib_a-findfp.o)
                0x0000000008011cdc                __sinit_lock_acquire
 .text.__sinit_lock_release
                0x0000000008011ce8        0xc c:/st/stm32cubeide_1.9.0/stm32cubeide/plugins/com.st.stm32cube.ide.mcu.externaltools.gnu-tools-for-stm32.10.3-2021.10.win32_1.0.0.202111181127/tools/bin/../lib/gcc/arm-none-eabi/10.3.1/../../../../arm-none-eabi/lib/thumb/v7e-m+fp/hard\libc_nano.a(lib_a-findfp.o)
                0x0000000008011ce8                __sinit_lock_release
 .text.__sinit  0x0000000008011cf4       0x70 c:/st/stm32cubeide_1.9.0/stm32cubeide/plugins/com.st.stm32cube.ide.mcu.externaltools.gnu-tools-for-stm32.10.3-2021.10.win32_1.0.0.202111181127/tools/bin/../lib/gcc/arm-none-eabi/10.3.1/../../../../arm-none-eabi/lib/thumb/v7e-m+fp/hard\libc_nano.a(lib_a-findfp.o)
                0x0000000008011cf4                __sinit
 .text.__sfp    0x0000000008011d64       0x8c c:/st/stm32cubeide_1.9.0/stm32cubeide/plugins/com.st.stm32cube.ide.mcu.externaltools.gnu-tools-for-stm32.10.3-2021.10.win32_1.0.0.202111181127/tools/bin/../lib/gcc/arm-none-eabi/10.3.1/../../../../arm-none-eabi/lib/thumb/v7e-m+fp/hard\libc_nano.a(lib_a-findfp.o)
                0x0000000008011d64                __sfp
 .text._fwalk_reent
                0x0000000008011df0       0x3e c:/st/stm32cubeide_1.9.0/stm32cubeide/plugins/com.st.stm32cube.ide.mcu.externaltools.gnu-tools-for-stm32.10.3-2021.10.win32_1.0.0.202111181127/tools/bin/../lib/gcc/arm-none-eabi/10.3.1/../../../../arm-none-eabi/lib/thumb/v7e-m+fp/hard\libc_nano.a(lib_a-fwalk.o)
                0x0000000008011df0                _fwalk_reent
 .text.__retarget_lock_init_recursive
                0x0000000008011e2e        0x2 c:/st/stm32cubeide_1.9.0/stm32cubeide/plugins/com.st.stm32cube.ide.mcu.externaltools.gnu-tools-for-stm32.10.3-2021.10.win32_1.0.0.202111181127/tools/bin/../lib/gcc/arm-none-eabi/10.3.1/../../../../arm-none-eabi/lib/thumb/v7e-m+fp/hard\libc_nano.a(lib_a-lock.o)
                0x0000000008011e2e                __retarget_lock_init_recursive
 .text.__retarget_lock_acquire_recursive
                0x0000000008011e30        0x2 c:/st/stm32cubeide_1.9.0/stm32cubeide/plugins/com.st.stm32cube.ide.mcu.externaltools.gnu-tools-for-stm32.10.3-2021.10.win32_1.0.0.202111181127/tools/bin/../lib/gcc/arm-none-eabi/10.3.1/../../../../arm-none-eabi/lib/thumb/v7e-m+fp/hard\libc_nano.a(lib_a-lock.o)
                0x0000000008011e30                __retarget_lock_acquire_recursive
 .text.__retarget_lock_release_recursive
                0x0000000008011e32        0x2 c:/st/stm32cubeide_1.9.0/stm32cubeide/plugins/com.st.stm32cube.ide.mcu.externaltools.gnu-tools-for-stm32.10.3-2021.10.win32_1.0.0.202111181127/tools/bin/../lib/gcc/arm-none-eabi/10.3.1/../../../../arm-none-eabi/lib/thumb/v7e-m+fp/hard\libc_nano.a(lib_a-lock.o)
                0x0000000008011e32                __retarget_lock_release_recursive
 .text.__malloc_lock
                0x0000000008011e34        0xc c:/st/stm32cubeide_1.9.0/stm32cubeide/plugins/com.st.stm32cube.ide.mcu.externaltools.gnu-tools-for-stm32.10.3-2021.10.win32_1.0.0.202111181127/tools/bin/../lib/gcc/arm-none-eabi/10.3.1/../../../../arm-none-eabi/lib/thumb/v7e-m+fp/hard\libc_nano.a(lib_a-mlock.o)
                0x0000000008011e34                __malloc_lock
 .text.__malloc_unlock
                0x0000000008011e40        0xc c:/st/stm32cubeide_1.9.0/stm32cubeide/plugins/com.st.stm32cube.ide.mcu.externaltools.gnu-tools-for-stm32.10.3-2021.10.win32_1.0.0.202111181127/tools/bin/../lib/gcc/arm-none-eabi/10.3.1/../../../../arm-none-eabi/lib/thumb/v7e-m+fp/hard\libc_nano.a(lib_a-mlock.o)
                0x0000000008011e40                __malloc_unlock
 .text.__sfputc_r
                0x0000000008011e4c       0x2e c:/st/stm32cubeide_1.9.0/stm32cubeide/plugins/com.st.stm32cube.ide.mcu.externaltools.gnu-tools-for-stm32.10.3-2021.10.win32_1.0.0.202111181127/tools/bin/../lib/gcc/arm-none-eabi/10.3.1/../../../../arm-none-eabi/lib/thumb/v7e-m+fp/hard\libc_nano.a(lib_a-nano-vfprintf.o)
 .text.__sfputs_r
                0x0000000008011e7a       0x24 c:/st/stm32cubeide_1.9.0/stm32cubeide/plugins/com.st.stm32cube.ide.mcu.externaltools.gnu-tools-for-stm32.10.3-2021.10.win32_1.0.0.202111181127/tools/bin/../lib/gcc/arm-none-eabi/10.3.1/../../../../arm-none-eabi/lib/thumb/v7e-m+fp/hard\libc_nano.a(lib_a-nano-vfprintf.o)
                0x0000000008011e7a                __sfputs_r
 *fill*         0x0000000008011e9e        0x2 
 .text._vfprintf_r
                0x0000000008011ea0      0x260 c:/st/stm32cubeide_1.9.0/stm32cubeide/plugins/com.st.stm32cube.ide.mcu.externaltools.gnu-tools-for-stm32.10.3-2021.10.win32_1.0.0.202111181127/tools/bin/../lib/gcc/arm-none-eabi/10.3.1/../../../../arm-none-eabi/lib/thumb/v7e-m+fp/hard\libc_nano.a(lib_a-nano-vfprintf.o)
                0x0000000008011ea0                _vfprintf_r
                0x0000000008011ea0                _vfiprintf_r
 .text._printf_common
                0x0000000008012100       0xda c:/st/stm32cubeide_1.9.0/stm32cubeide/plugins/com.st.stm32cube.ide.mcu.externaltools.gnu-tools-for-stm32.10.3-2021.10.win32_1.0.0.202111181127/tools/bin/../lib/gcc/arm-none-eabi/10.3.1/../../../../arm-none-eabi/lib/thumb/v7e-m+fp/hard\libc_nano.a(lib_a-nano-vfprintf_i.o)
                0x0000000008012100                _printf_common
 *fill*         0x00000000080121da        0x2 
 .text._printf_i
                0x00000000080121dc      0x24c c:/st/stm32cubeide_1.9.0/stm32cubeide/plugins/com.st.stm32cube.ide.mcu.externaltools.gnu-tools-for-stm32.10.3-2021.10.win32_1.0.0.202111181127/tools/bin/../lib/gcc/arm-none-eabi/10.3.1/../../../../arm-none-eabi/lib/thumb/v7e-m+fp/hard\libc_nano.a(lib_a-nano-vfprintf_i.o)
                0x00000000080121dc                _printf_i
 .text.__sread  0x0000000008012428       0x22 c:/st/stm32cubeide_1.9.0/stm32cubeide/plugins/com.st.stm32cube.ide.mcu.externaltools.gnu-tools-for-stm32.10.3-2021.10.win32_1.0.0.202111181127/tools/bin/../lib/gcc/arm-none-eabi/10.3.1/../../../../arm-none-eabi/lib/thumb/v7e-m+fp/hard\libc_nano.a(lib_a-stdio.o)
                0x0000000008012428                __sread
 .text.__swrite
                0x000000000801244a       0x38 c:/st/stm32cubeide_1.9.0/stm32cubeide/plugins/com.st.stm32cube.ide.mcu.externaltools.gnu-tools-for-stm32.10.3-2021.10.win32_1.0.0.202111181127/tools/bin/../lib/gcc/arm-none-eabi/10.3.1/../../../../arm-none-eabi/lib/thumb/v7e-m+fp/hard\libc_nano.a(lib_a-stdio.o)
                0x000000000801244a                __swrite
 .text.__sseek  0x0000000008012482       0x24 c:/st/stm32cubeide_1.9.0/stm32cubeide/plugins/com.st.stm32cube.ide.mcu.externaltools.gnu-tools-for-stm32.10.3-2021.10.win32_1.0.0.202111181127/tools/bin/../lib/gcc/arm-none-eabi/10.3.1/../../../../arm-none-eabi/lib/thumb/v7e-m+fp/hard\libc_nano.a(lib_a-stdio.o)
                0x0000000008012482                __sseek
 .text.__sclose
                0x00000000080124a6        0x8 c:/st/stm32cubeide_1.9.0/stm32cubeide/plugins/com.st.stm32cube.ide.mcu.externaltools.gnu-tools-for-stm32.10.3-2021.10.win32_1.0.0.202111181127/tools/bin/../lib/gcc/arm-none-eabi/10.3.1/../../../../arm-none-eabi/lib/thumb/v7e-m+fp/hard\libc_nano.a(lib_a-stdio.o)
                0x00000000080124a6                __sclose
 *fill*         0x00000000080124ae        0x2 
 .text.__swbuf_r
                0x00000000080124b0       0xa4 c:/st/stm32cubeide_1.9.0/stm32cubeide/plugins/com.st.stm32cube.ide.mcu.externaltools.gnu-tools-for-stm32.10.3-2021.10.win32_1.0.0.202111181127/tools/bin/../lib/gcc/arm-none-eabi/10.3.1/../../../../arm-none-eabi/lib/thumb/v7e-m+fp/hard\libc_nano.a(lib_a-wbuf.o)
                0x00000000080124b0                __swbuf_r
 .text._write_r
                0x0000000008012554       0x24 c:/st/stm32cubeide_1.9.0/stm32cubeide/plugins/com.st.stm32cube.ide.mcu.externaltools.gnu-tools-for-stm32.10.3-2021.10.win32_1.0.0.202111181127/tools/bin/../lib/gcc/arm-none-eabi/10.3.1/../../../../arm-none-eabi/lib/thumb/v7e-m+fp/hard\libc_nano.a(lib_a-writer.o)
                0x0000000008012554                _write_r
 .text.__swsetup_r
                0x0000000008012578       0xdc c:/st/stm32cubeide_1.9.0/stm32cubeide/plugins/com.st.stm32cube.ide.mcu.externaltools.gnu-tools-for-stm32.10.3-2021.10.win32_1.0.0.202111181127/tools/bin/../lib/gcc/arm-none-eabi/10.3.1/../../../../arm-none-eabi/lib/thumb/v7e-m+fp/hard\libc_nano.a(lib_a-wsetup.o)
                0x0000000008012578                __swsetup_r
 .text._close_r
                0x0000000008012654       0x20 c:/st/stm32cubeide_1.9.0/stm32cubeide/plugins/com.st.stm32cube.ide.mcu.externaltools.gnu-tools-for-stm32.10.3-2021.10.win32_1.0.0.202111181127/tools/bin/../lib/gcc/arm-none-eabi/10.3.1/../../../../arm-none-eabi/lib/thumb/v7e-m+fp/hard\libc_nano.a(lib_a-closer.o)
                0x0000000008012654                _close_r
 .text.__sflush_r
                0x0000000008012674      0x10c c:/st/stm32cubeide_1.9.0/stm32cubeide/plugins/com.st.stm32cube.ide.mcu.externaltools.gnu-tools-for-stm32.10.3-2021.10.win32_1.0.0.202111181127/tools/bin/../lib/gcc/arm-none-eabi/10.3.1/../../../../arm-none-eabi/lib/thumb/v7e-m+fp/hard\libc_nano.a(lib_a-fflush.o)
                0x0000000008012674                __sflush_r
 .text._fflush_r
                0x0000000008012780       0x78 c:/st/stm32cubeide_1.9.0/stm32cubeide/plugins/com.st.stm32cube.ide.mcu.externaltools.gnu-tools-for-stm32.10.3-2021.10.win32_1.0.0.202111181127/tools/bin/../lib/gcc/arm-none-eabi/10.3.1/../../../../arm-none-eabi/lib/thumb/v7e-m+fp/hard\libc_nano.a(lib_a-fflush.o)
                0x0000000008012780                _fflush_r
 .text._lseek_r
                0x00000000080127f8       0x24 c:/st/stm32cubeide_1.9.0/stm32cubeide/plugins/com.st.stm32cube.ide.mcu.externaltools.gnu-tools-for-stm32.10.3-2021.10.win32_1.0.0.202111181127/tools/bin/../lib/gcc/arm-none-eabi/10.3.1/../../../../arm-none-eabi/lib/thumb/v7e-m+fp/hard\libc_nano.a(lib_a-lseekr.o)
                0x00000000080127f8                _lseek_r
 .text.__swhatbuf_r
                0x000000000801281c       0x4a c:/st/stm32cubeide_1.9.0/stm32cubeide/plugins/com.st.stm32cube.ide.mcu.externaltools.gnu-tools-for-stm32.10.3-2021.10.win32_1.0.0.202111181127/tools/bin/../lib/gcc/arm-none-eabi/10.3.1/../../../../arm-none-eabi/lib/thumb/v7e-m+fp/hard\libc_nano.a(lib_a-makebuf.o)
                0x000000000801281c                __swhatbuf_r
 *fill*         0x0000000008012866        0x2 
 .text.__smakebuf_r
                0x0000000008012868       0x80 c:/st/stm32cubeide_1.9.0/stm32cubeide/plugins/com.st.stm32cube.ide.mcu.externaltools.gnu-tools-for-stm32.10.3-2021.10.win32_1.0.0.202111181127/tools/bin/../lib/gcc/arm-none-eabi/10.3.1/../../../../arm-none-eabi/lib/thumb/v7e-m+fp/hard\libc_nano.a(lib_a-makebuf.o)
                0x0000000008012868                __smakebuf_r
 .text._read_r  0x00000000080128e8       0x24 c:/st/stm32cubeide_1.9.0/stm32cubeide/plugins/com.st.stm32cube.ide.mcu.externaltools.gnu-tools-for-stm32.10.3-2021.10.win32_1.0.0.202111181127/tools/bin/../lib/gcc/arm-none-eabi/10.3.1/../../../../arm-none-eabi/lib/thumb/v7e-m+fp/hard\libc_nano.a(lib_a-readr.o)
                0x00000000080128e8                _read_r
 .text._fstat_r
                0x000000000801290c       0x24 c:/st/stm32cubeide_1.9.0/stm32cubeide/plugins/com.st.stm32cube.ide.mcu.externaltools.gnu-tools-for-stm32.10.3-2021.10.win32_1.0.0.202111181127/tools/bin/../lib/gcc/arm-none-eabi/10.3.1/../../../../arm-none-eabi/lib/thumb/v7e-m+fp/hard\libc_nano.a(lib_a-fstatr.o)
                0x000000000801290c                _fstat_r
 .text._isatty_r
                0x0000000008012930       0x20 c:/st/stm32cubeide_1.9.0/stm32cubeide/plugins/com.st.stm32cube.ide.mcu.externaltools.gnu-tools-for-stm32.10.3-2021.10.win32_1.0.0.202111181127/tools/bin/../lib/gcc/arm-none-eabi/10.3.1/../../../../arm-none-eabi/lib/thumb/v7e-m+fp/hard\libc_nano.a(lib_a-isattyr.o)
                0x0000000008012930                _isatty_r
 *(.glue_7)
 .glue_7        0x0000000008012950        0x0 linker stubs
 *(.glue_7t)
 .glue_7t       0x0000000008012950        0x0 linker stubs
 *(.eh_frame)
 .eh_frame      0x0000000008012950        0x0 c:/st/stm32cubeide_1.9.0/stm32cubeide/plugins/com.st.stm32cube.ide.mcu.externaltools.gnu-tools-for-stm32.10.3-2021.10.win32_1.0.0.202111181127/tools/bin/../lib/gcc/arm-none-eabi/10.3.1/thumb/v7e-m+fp/hard/crtbegin.o
 *(.init)
 .init          0x0000000008012950        0x4 c:/st/stm32cubeide_1.9.0/stm32cubeide/plugins/com.st.stm32cube.ide.mcu.externaltools.gnu-tools-for-stm32.10.3-2021.10.win32_1.0.0.202111181127/tools/bin/../lib/gcc/arm-none-eabi/10.3.1/thumb/v7e-m+fp/hard/crti.o
                0x0000000008012950                _init
 .init          0x0000000008012954        0x8 c:/st/stm32cubeide_1.9.0/stm32cubeide/plugins/com.st.stm32cube.ide.mcu.externaltools.gnu-tools-for-stm32.10.3-2021.10.win32_1.0.0.202111181127/tools/bin/../lib/gcc/arm-none-eabi/10.3.1/thumb/v7e-m+fp/hard/crtn.o
 *(.fini)
 .fini          0x000000000801295c        0x4 c:/st/stm32cubeide_1.9.0/stm32cubeide/plugins/com.st.stm32cube.ide.mcu.externaltools.gnu-tools-for-stm32.10.3-2021.10.win32_1.0.0.202111181127/tools/bin/../lib/gcc/arm-none-eabi/10.3.1/thumb/v7e-m+fp/hard/crti.o
                0x000000000801295c                _fini
 .fini          0x0000000008012960        0x8 c:/st/stm32cubeide_1.9.0/stm32cubeide/plugins/com.st.stm32cube.ide.mcu.externaltools.gnu-tools-for-stm32.10.3-2021.10.win32_1.0.0.202111181127/tools/bin/../lib/gcc/arm-none-eabi/10.3.1/thumb/v7e-m+fp/hard/crtn.o
                0x0000000008012968                . = ALIGN (0x4)
                0x0000000008012968                _etext = .

.vfp11_veneer   0x0000000008012968        0x0
 .vfp11_veneer  0x0000000008012968        0x0 linker stubs

.v4_bx          0x0000000008012968        0x0
 .v4_bx         0x0000000008012968        0x0 linker stubs

.iplt           0x0000000008012968        0x0
 .iplt          0x0000000008012968        0x0 c:/st/stm32cubeide_1.9.0/stm32cubeide/plugins/com.st.stm32cube.ide.mcu.externaltools.gnu-tools-for-stm32.10.3-2021.10.win32_1.0.0.202111181127/tools/bin/../lib/gcc/arm-none-eabi/10.3.1/thumb/v7e-m+fp/hard/crtbegin.o

.rodata         0x0000000008012968     0x28f0
                0x0000000008012968                . = ALIGN (0x4)
 *(.rodata)
 .rodata        0x0000000008012968      0x114 ./Core/Src/main.o
 .rodata        0x0000000008012a7c       0x41 ./Middlewares/Third_Party/mbedTLS/library/ecp_curves.o
 *fill*         0x0000000008012abd        0x3 
 .rodata        0x0000000008012ac0       0x1a ./Middlewares/Third_Party/mbedTLS/library/pk_wrap.o
 *(.rodata*)
 *fill*         0x0000000008012ada        0x2 
 .rodata.AHBPrescTable
                0x0000000008012adc       0x10 ./Core/Src/system_stm32f4xx.o
                0x0000000008012adc                AHBPrescTable
 .rodata.APBPrescTable
                0x0000000008012aec        0x8 ./Core/Src/system_stm32f4xx.o
                0x0000000008012aec                APBPrescTable
 .rodata.FSb    0x0000000008012af4      0x100 ./Middlewares/Third_Party/mbedTLS/library/aes.o
 .rodata.FT0    0x0000000008012bf4      0x400 ./Middlewares/Third_Party/mbedTLS/library/aes.o
 .rodata.FT1    0x0000000008012ff4      0x400 ./Middlewares/Third_Party/mbedTLS/library/aes.o
 .rodata.FT2    0x00000000080133f4      0x400 ./Middlewares/Third_Party/mbedTLS/library/aes.o
 .rodata.FT3    0x00000000080137f4      0x400 ./Middlewares/Third_Party/mbedTLS/library/aes.o
 .rodata.RSb    0x0000000008013bf4      0x100 ./Middlewares/Third_Party/mbedTLS/library/aes.o
 .rodata.RT0    0x0000000008013cf4      0x400 ./Middlewares/Third_Party/mbedTLS/library/aes.o
 .rodata.RT1    0x00000000080140f4      0x400 ./Middlewares/Third_Party/mbedTLS/library/aes.o
 .rodata.RT2    0x00000000080144f4      0x400 ./Middlewares/Third_Party/mbedTLS/library/aes.o
 .rodata.RT3    0x00000000080148f4      0x400 ./Middlewares/Third_Party/mbedTLS/library/aes.o
 .rodata.RCON   0x0000000008014cf4       0x28 ./Middlewares/Third_Party/mbedTLS/library/aes.o
 .rodata.secp256r1_p
                0x0000000008014d1c       0x20 ./Middlewares/Third_Party/mbedTLS/library/ecp_curves.o
 .rodata.secp256r1_b
                0x0000000008014d3c       0x20 ./Middlewares/Third_Party/mbedTLS/library/ecp_curves.o
 .rodata.secp256r1_gx
                0x0000000008014d5c       0x20 ./Middlewares/Third_Party/mbedTLS/library/ecp_curves.o
 .rodata.secp256r1_gy
                0x0000000008014d7c       0x20 ./Middlewares/Third_Party/mbedTLS/library/ecp_curves.o
 .rodata.secp256r1_n
                0x0000000008014d9c       0x20 ./Middlewares/Third_Party/mbedTLS/library/ecp_curves.o
 .rodata.secp384r1_p
                0x0000000008014dbc       0x30 ./Middlewares/Third_Party/mbedTLS/library/ecp_curves.o
 .rodata.secp384r1_b
                0x0000000008014dec       0x30 ./Middlewares/Third_Party/mbedTLS/library/ecp_curves.o
 .rodata.secp384r1_gx
                0x0000000008014e1c       0x30 ./Middlewares/Third_Party/mbedTLS/library/ecp_curves.o
 .rodata.secp384r1_gy
                0x0000000008014e4c       0x30 ./Middlewares/Third_Party/mbedTLS/library/ecp_curves.o
 .rodata.secp384r1_n
                0x0000000008014e7c       0x30 ./Middlewares/Third_Party/mbedTLS/library/ecp_curves.o
 .rodata.mbedtls_eckey_info
                0x0000000008014eac       0x30 ./Middlewares/Third_Party/mbedTLS/library/pk_wrap.o
                0x0000000008014eac                mbedtls_eckey_info
 .rodata.mbedtls_eckeydh_info
                0x0000000008014edc       0x30 ./Middlewares/Third_Party/mbedTLS/library/pk_wrap.o
                0x0000000008014edc                mbedtls_eckeydh_info
 .rodata.mbedtls_ecdsa_info
                0x0000000008014f0c       0x30 ./Middlewares/Third_Party/mbedTLS/library/pk_wrap.o
                0x0000000008014f0c                mbedtls_ecdsa_info
 *fill*         0x0000000008014f3c        0x4 
 .rodata.K      0x0000000008014f40      0x280 ./Middlewares/Third_Party/mbedTLS/library/sha512.o
 .rodata._global_impure_ptr
                0x00000000080151c0        0x4 c:/st/stm32cubeide_1.9.0/stm32cubeide/plugins/com.st.stm32cube.ide.mcu.externaltools.gnu-tools-for-stm32.10.3-2021.10.win32_1.0.0.202111181127/tools/bin/../lib/gcc/arm-none-eabi/10.3.1/../../../../arm-none-eabi/lib/thumb/v7e-m+fp/hard\libc_nano.a(lib_a-impure.o)
                0x00000000080151c0                _global_impure_ptr
 .rodata.__sf_fake_stderr
                0x00000000080151c4       0x20 c:/st/stm32cubeide_1.9.0/stm32cubeide/plugins/com.st.stm32cube.ide.mcu.externaltools.gnu-tools-for-stm32.10.3-2021.10.win32_1.0.0.202111181127/tools/bin/../lib/gcc/arm-none-eabi/10.3.1/../../../../arm-none-eabi/lib/thumb/v7e-m+fp/hard\libc_nano.a(lib_a-findfp.o)
                0x00000000080151c4                __sf_fake_stderr
 .rodata.__sf_fake_stdin
                0x00000000080151e4       0x20 c:/st/stm32cubeide_1.9.0/stm32cubeide/plugins/com.st.stm32cube.ide.mcu.externaltools.gnu-tools-for-stm32.10.3-2021.10.win32_1.0.0.202111181127/tools/bin/../lib/gcc/arm-none-eabi/10.3.1/../../../../arm-none-eabi/lib/thumb/v7e-m+fp/hard\libc_nano.a(lib_a-findfp.o)
                0x00000000080151e4                __sf_fake_stdin
 .rodata.__sf_fake_stdout
                0x0000000008015204       0x20 c:/st/stm32cubeide_1.9.0/stm32cubeide/plugins/com.st.stm32cube.ide.mcu.externaltools.gnu-tools-for-stm32.10.3-2021.10.win32_1.0.0.202111181127/tools/bin/../lib/gcc/arm-none-eabi/10.3.1/../../../../arm-none-eabi/lib/thumb/v7e-m+fp/hard\libc_nano.a(lib_a-findfp.o)
                0x0000000008015204                __sf_fake_stdout
 .rodata._vfprintf_r.str1.1
                0x0000000008015224       0x11 c:/st/stm32cubeide_1.9.0/stm32cubeide/plugins/com.st.stm32cube.ide.mcu.externaltools.gnu-tools-for-stm32.10.3-2021.10.win32_1.0.0.202111181127/tools/bin/../lib/gcc/arm-none-eabi/10.3.1/../../../../arm-none-eabi/lib/thumb/v7e-m+fp/hard\libc_nano.a(lib_a-nano-vfprintf.o)
 .rodata._printf_i.str1.1
                0x0000000008015235       0x22 c:/st/stm32cubeide_1.9.0/stm32cubeide/plugins/com.st.stm32cube.ide.mcu.externaltools.gnu-tools-for-stm32.10.3-2021.10.win32_1.0.0.202111181127/tools/bin/../lib/gcc/arm-none-eabi/10.3.1/../../../../arm-none-eabi/lib/thumb/v7e-m+fp/hard\libc_nano.a(lib_a-nano-vfprintf_i.o)
                0x0000000008015258                . = ALIGN (0x4)
 *fill*         0x0000000008015257        0x1 

.ARM.extab      0x0000000008015258        0x0
                0x0000000008015258                . = ALIGN (0x4)
 *(.ARM.extab* .gnu.linkonce.armextab.*)
                0x0000000008015258                . = ALIGN (0x4)

.ARM            0x0000000008015258        0x8
                0x0000000008015258                . = ALIGN (0x4)
                0x0000000008015258                __exidx_start = .
 *(.ARM.exidx*)
 .ARM.exidx     0x0000000008015258        0x8 c:/st/stm32cubeide_1.9.0/stm32cubeide/plugins/com.st.stm32cube.ide.mcu.externaltools.gnu-tools-for-stm32.10.3-2021.10.win32_1.0.0.202111181127/tools/bin/../lib/gcc/arm-none-eabi/10.3.1/thumb/v7e-m+fp/hard\libgcc.a(_udivmoddi4.o)
                0x0000000008015260                __exidx_end = .
                0x0000000008015260                . = ALIGN (0x4)

.rel.dyn        0x0000000008015260        0x0
 .rel.iplt      0x0000000008015260        0x0 c:/st/stm32cubeide_1.9.0/stm32cubeide/plugins/com.st.stm32cube.ide.mcu.externaltools.gnu-tools-for-stm32.10.3-2021.10.win32_1.0.0.202111181127/tools/bin/../lib/gcc/arm-none-eabi/10.3.1/thumb/v7e-m+fp/hard/crtbegin.o

.preinit_array  0x0000000008015260        0x0
                0x0000000008015260                . = ALIGN (0x4)
                0x0000000008015260                PROVIDE (__preinit_array_start = .)
 *(.preinit_array*)
                0x0000000008015260                PROVIDE (__preinit_array_end = .)
                0x0000000008015260                . = ALIGN (0x4)

.init_array     0x0000000008015260        0x4
                0x0000000008015260                . = ALIGN (0x4)
                0x0000000008015260                PROVIDE (__init_array_start = .)
 *(SORT_BY_NAME(.init_array.*))
 *(.init_array*)
 .init_array    0x0000000008015260        0x4 c:/st/stm32cubeide_1.9.0/stm32cubeide/plugins/com.st.stm32cube.ide.mcu.externaltools.gnu-tools-for-stm32.10.3-2021.10.win32_1.0.0.202111181127/tools/bin/../lib/gcc/arm-none-eabi/10.3.1/thumb/v7e-m+fp/hard/crtbegin.o
                0x0000000008015264                PROVIDE (__init_array_end = .)
                0x0000000008015264                . = ALIGN (0x4)

.fini_array     0x0000000008015264        0x4
                0x0000000008015264                . = ALIGN (0x4)
                [!provide]                        PROVIDE (__fini_array_start = .)
 *(SORT_BY_NAME(.fini_array.*))
 *(.fini_array*)
 .fini_array    0x0000000008015264        0x4 c:/st/stm32cubeide_1.9.0/stm32cubeide/plugins/com.st.stm32cube.ide.mcu.externaltools.gnu-tools-for-stm32.10.3-2021.10.win32_1.0.0.202111181127/tools/bin/../lib/gcc/arm-none-eabi/10.3.1/thumb/v7e-m+fp/hard/crtbegin.o
                [!provide]                        PROVIDE (__fini_array_end = .)
                0x0000000008015268                . = ALIGN (0x4)
                0x0000000008015268                _sidata = LOADADDR (.data)

.data           0x0000000020000000       0x78 load address 0x0000000008015268
                0x0000000020000000                . = ALIGN (0x4)
                0x0000000020000000                _sdata = .
 *(.data)
 *(.data*)
 .data.SystemCoreClock
                0x0000000020000000        0x4 ./Core/Src/system_stm32f4xx.o
                0x0000000020000000                SystemCoreClock
 .data.uwTickPrio
                0x0000000020000004        0x4 ./Drivers/STM32F4xx_HAL_Driver/Src/stm32f4xx_hal.o
                0x0000000020000004                uwTickPrio
 .data.uwTickFreq
                0x0000000020000008        0x1 ./Drivers/STM32F4xx_HAL_Driver/Src/stm32f4xx_hal.o
                0x0000000020000008                uwTickFreq
 *fill*         0x0000000020000009        0x3 
 .data.one.0    0x000000002000000c        0x4 ./Middlewares/Third_Party/mbedTLS/library/ecp_curves.o
 .data.memset_func
                0x0000000020000010        0x4 ./Middlewares/Third_Party/mbedTLS/library/platform_util.o
 .data._impure_ptr
                0x0000000020000014        0x4 c:/st/stm32cubeide_1.9.0/stm32cubeide/plugins/com.st.stm32cube.ide.mcu.externaltools.gnu-tools-for-stm32.10.3-2021.10.win32_1.0.0.202111181127/tools/bin/../lib/gcc/arm-none-eabi/10.3.1/../../../../arm-none-eabi/lib/thumb/v7e-m+fp/hard\libc_nano.a(lib_a-impure.o)
                0x0000000020000014                _impure_ptr
 .data.impure_data
                0x0000000020000018       0x60 c:/st/stm32cubeide_1.9.0/stm32cubeide/plugins/com.st.stm32cube.ide.mcu.externaltools.gnu-tools-for-stm32.10.3-2021.10.win32_1.0.0.202111181127/tools/bin/../lib/gcc/arm-none-eabi/10.3.1/../../../../arm-none-eabi/lib/thumb/v7e-m+fp/hard\libc_nano.a(lib_a-impure.o)
 *(.RamFunc)
 *(.RamFunc*)
                0x0000000020000078                . = ALIGN (0x4)
                0x0000000020000078                _edata = .

.igot.plt       0x0000000020000078        0x0 load address 0x00000000080152e0
 .igot.plt      0x0000000020000078        0x0 c:/st/stm32cubeide_1.9.0/stm32cubeide/plugins/com.st.stm32cube.ide.mcu.externaltools.gnu-tools-for-stm32.10.3-2021.10.win32_1.0.0.202111181127/tools/bin/../lib/gcc/arm-none-eabi/10.3.1/thumb/v7e-m+fp/hard/crtbegin.o
                0x0000000020000078                . = ALIGN (0x4)

.bss            0x0000000020000078      0x728 load address 0x00000000080152e0
                0x0000000020000078                _sbss = .
                0x0000000020000078                __bss_start__ = _sbss
 *(.bss)
 .bss           0x0000000020000078       0x1c c:/st/stm32cubeide_1.9.0/stm32cubeide/plugins/com.st.stm32cube.ide.mcu.externaltools.gnu-tools-for-stm32.10.3-2021.10.win32_1.0.0.202111181127/tools/bin/../lib/gcc/arm-none-eabi/10.3.1/thumb/v7e-m+fp/hard/crtbegin.o
 *(.bss*)
 .bss.tx_buffer1
                0x0000000020000094      0x208 ./Core/Src/UartRingbuffer_multi.o
                0x0000000020000094                tx_buffer1
 .bss.tx_buffer2
                0x000000002000029c      0x208 ./Core/Src/UartRingbuffer_multi.o
                0x000000002000029c                tx_buffer2
 .bss._rx_buffer1
                0x00000000200004a4        0x4 ./Core/Src/UartRingbuffer_multi.o
                0x00000000200004a4                _rx_buffer1
 .bss._rx_buffer2
                0x00000000200004a8        0x4 ./Core/Src/UartRingbuffer_multi.o
                0x00000000200004a8                _rx_buffer2
 .bss.huart1    0x00000000200004ac       0x44 ./Core/Src/main.o
                0x00000000200004ac                huart1
 .bss.huart2    0x00000000200004f0       0x44 ./Core/Src/main.o
                0x00000000200004f0                huart2
 .bss.ctr_drbg  0x0000000020000534      0x140 ./Core/Src/main.o
                0x0000000020000534                ctr_drbg
 *fill*         0x0000000020000674        0x4 
 .bss.entropy   0x0000000020000678      0x110 ./Core/Src/main.o
                0x0000000020000678                entropy
 .bss.__sbrk_heap_end
                0x0000000020000788        0x4 ./Core/Src/sysmem.o
 .bss.uwTick    0x000000002000078c        0x4 ./Drivers/STM32F4xx_HAL_Driver/Src/stm32f4xx_hal.o
                0x000000002000078c                uwTick
 .bss.__malloc_free_list
                0x0000000020000790        0x4 c:/st/stm32cubeide_1.9.0/stm32cubeide/plugins/com.st.stm32cube.ide.mcu.externaltools.gnu-tools-for-stm32.10.3-2021.10.win32_1.0.0.202111181127/tools/bin/../lib/gcc/arm-none-eabi/10.3.1/../../../../arm-none-eabi/lib/thumb/v7e-m+fp/hard\libc_nano.a(lib_a-nano-mallocr.o)
                0x0000000020000790                __malloc_free_list
 .bss.__malloc_sbrk_start
                0x0000000020000794        0x4 c:/st/stm32cubeide_1.9.0/stm32cubeide/plugins/com.st.stm32cube.ide.mcu.externaltools.gnu-tools-for-stm32.10.3-2021.10.win32_1.0.0.202111181127/tools/bin/../lib/gcc/arm-none-eabi/10.3.1/../../../../arm-none-eabi/lib/thumb/v7e-m+fp/hard\libc_nano.a(lib_a-nano-mallocr.o)
                0x0000000020000794                __malloc_sbrk_start
 .bss.__lock___malloc_recursive_mutex
                0x0000000020000798        0x1 c:/st/stm32cubeide_1.9.0/stm32cubeide/plugins/com.st.stm32cube.ide.mcu.externaltools.gnu-tools-for-stm32.10.3-2021.10.win32_1.0.0.202111181127/tools/bin/../lib/gcc/arm-none-eabi/10.3.1/../../../../arm-none-eabi/lib/thumb/v7e-m+fp/hard\libc_nano.a(lib_a-lock.o)
                0x0000000020000798                __lock___malloc_recursive_mutex
 .bss.__lock___sfp_recursive_mutex
                0x0000000020000799        0x1 c:/st/stm32cubeide_1.9.0/stm32cubeide/plugins/com.st.stm32cube.ide.mcu.externaltools.gnu-tools-for-stm32.10.3-2021.10.win32_1.0.0.202111181127/tools/bin/../lib/gcc/arm-none-eabi/10.3.1/../../../../arm-none-eabi/lib/thumb/v7e-m+fp/hard\libc_nano.a(lib_a-lock.o)
                0x0000000020000799                __lock___sfp_recursive_mutex
 .bss.__lock___sinit_recursive_mutex
                0x000000002000079a        0x1 c:/st/stm32cubeide_1.9.0/stm32cubeide/plugins/com.st.stm32cube.ide.mcu.externaltools.gnu-tools-for-stm32.10.3-2021.10.win32_1.0.0.202111181127/tools/bin/../lib/gcc/arm-none-eabi/10.3.1/../../../../arm-none-eabi/lib/thumb/v7e-m+fp/hard\libc_nano.a(lib_a-lock.o)
                0x000000002000079a                __lock___sinit_recursive_mutex
 *fill*         0x000000002000079b        0x1 
 .bss.errno     0x000000002000079c        0x4 c:/st/stm32cubeide_1.9.0/stm32cubeide/plugins/com.st.stm32cube.ide.mcu.externaltools.gnu-tools-for-stm32.10.3-2021.10.win32_1.0.0.202111181127/tools/bin/../lib/gcc/arm-none-eabi/10.3.1/../../../../arm-none-eabi/lib/thumb/v7e-m+fp/hard\libc_nano.a(lib_a-reent.o)
                0x000000002000079c                errno
 *(COMMON)
                0x00000000200007a0                . = ALIGN (0x4)
                0x00000000200007a0                _ebss = .
                0x00000000200007a0                __bss_end__ = _ebss

._user_heap_stack
                0x00000000200007a0      0x600 load address 0x00000000080152e0
                0x00000000200007a0                . = ALIGN (0x8)
                [!provide]                        PROVIDE (end = .)
                0x00000000200007a0                PROVIDE (_end = .)
                0x00000000200009a0                . = (. + _Min_Heap_Size)
 *fill*         0x00000000200007a0      0x200 
                0x0000000020000da0                . = (. + _Min_Stack_Size)
 *fill*         0x00000000200009a0      0x400 
                0x0000000020000da0                . = ALIGN (0x8)

/DISCARD/
 libc.a(*)
 libm.a(*)
 libgcc.a(*)

.ARM.attributes
                0x0000000000000000       0x30
 *(.ARM.attributes)
 .ARM.attributes
                0x0000000000000000       0x1e c:/st/stm32cubeide_1.9.0/stm32cubeide/plugins/com.st.stm32cube.ide.mcu.externaltools.gnu-tools-for-stm32.10.3-2021.10.win32_1.0.0.202111181127/tools/bin/../lib/gcc/arm-none-eabi/10.3.1/thumb/v7e-m+fp/hard/crti.o
 .ARM.attributes
                0x000000000000001e       0x34 c:/st/stm32cubeide_1.9.0/stm32cubeide/plugins/com.st.stm32cube.ide.mcu.externaltools.gnu-tools-for-stm32.10.3-2021.10.win32_1.0.0.202111181127/tools/bin/../lib/gcc/arm-none-eabi/10.3.1/thumb/v7e-m+fp/hard/crtbegin.o
 .ARM.attributes
                0x0000000000000052       0x34 ./Core/Src/UartRingbuffer_multi.o
 .ARM.attributes
                0x0000000000000086       0x34 ./Core/Src/main.o
 .ARM.attributes
                0x00000000000000ba       0x34 ./Core/Src/stm32f4xx_hal_msp.o
 .ARM.attributes
                0x00000000000000ee       0x34 ./Core/Src/stm32f4xx_it.o
 .ARM.attributes
                0x0000000000000122       0x34 ./Core/Src/syscalls.o
 .ARM.attributes
                0x0000000000000156       0x34 ./Core/Src/sysmem.o
 .ARM.attributes
                0x000000000000018a       0x34 ./Core/Src/system_stm32f4xx.o
 .ARM.attributes
                0x00000000000001be       0x21 ./Core/Startup/startup_stm32f446retx.o
 .ARM.attributes
                0x00000000000001df       0x34 ./Drivers/STM32F4xx_HAL_Driver/Src/stm32f4xx_hal.o
 .ARM.attributes
                0x0000000000000213       0x34 ./Drivers/STM32F4xx_HAL_Driver/Src/stm32f4xx_hal_cortex.o
 .ARM.attributes
                0x0000000000000247       0x34 ./Drivers/STM32F4xx_HAL_Driver/Src/stm32f4xx_hal_dma.o
 .ARM.attributes
                0x000000000000027b       0x34 ./Drivers/STM32F4xx_HAL_Driver/Src/stm32f4xx_hal_gpio.o
 .ARM.attributes