../Middlewares/Third_Party/mbedTLS/include/mbedtls/pk.h:170:36:mbedtls_pk_ec	16	static
../Core/Src/main.c:86:6:init_random_number_generator	24	static
../Core/Src/main.c:99:6:generate_ecc_key_pair	64	static
../Core/Src/main.c:130:6:display_ecc_key_pair	624	static
../Core/Src/main.c:174:5:main	8	static
../Core/Src/main.c:223:6:SystemClock_Config	88	static
../Core/Src/main.c:270:13:MX_USART1_UART_Init	8	static
../Core/Src/main.c:303:13:MX_USART2_UART_Init	8	static
../Core/Src/main.c:336:13:MX_GPIO_Init	48	static
../Core/Src/main.c:372:6:Error_Handler	4	static,ignoring_inline_asm
